Component: ARM Compiler 5.06 update 6 (build 750) Tool: armlink [4d35ed]

==============================================================================

Section Cross References

    startup_stm32f103xe.o(RESET) refers to startup_stm32f103xe.o(STACK) for __initial_sp
    startup_stm32f103xe.o(RESET) refers to startup_stm32f103xe.o(.text) for Reset_Handler
    startup_stm32f103xe.o(RESET) refers to stm32f1xx_it.o(i.NMI_Handler) for NMI_Handler
    startup_stm32f103xe.o(RESET) refers to stm32f1xx_it.o(i.HardFault_Handler) for HardFault_Handler
    startup_stm32f103xe.o(RESET) refers to stm32f1xx_it.o(i.MemManage_Handler) for MemManage_Handler
    startup_stm32f103xe.o(RESET) refers to stm32f1xx_it.o(i.BusFault_Handler) for BusFault_Handler
    startup_stm32f103xe.o(RESET) refers to stm32f1xx_it.o(i.UsageFault_Handler) for UsageFault_Handler
    startup_stm32f103xe.o(RESET) refers to stm32f1xx_it.o(i.SVC_Handler) for SVC_Handler
    startup_stm32f103xe.o(RESET) refers to stm32f1xx_it.o(i.DebugMon_Handler) for DebugMon_Handler
    startup_stm32f103xe.o(RESET) refers to stm32f1xx_it.o(i.PendSV_Handler) for PendSV_Handler
    startup_stm32f103xe.o(RESET) refers to stm32f1xx_it.o(i.SysTick_Handler) for SysTick_Handler
    startup_stm32f103xe.o(RESET) refers to stm32f1xx_it.o(i.USB_LP_CAN1_RX0_IRQHandler) for USB_LP_CAN1_RX0_IRQHandler
    startup_stm32f103xe.o(RESET) refers to stm32f1xx_it.o(i.TIM2_IRQHandler) for TIM2_IRQHandler
    startup_stm32f103xe.o(RESET) refers to stm32f1xx_it.o(i.USART1_IRQHandler) for USART1_IRQHandler
    startup_stm32f103xe.o(.text) refers to system_stm32f1xx.o(i.SystemInit) for SystemInit
    startup_stm32f103xe.o(.text) refers to entry.o(.ARM.Collect$$$$00000000) for __main
    main.o(i.SystemClock_Config) refers to memseta.o(.text) for __aeabi_memclr4
    main.o(i.SystemClock_Config) refers to stm32f1xx_hal_rcc.o(i.HAL_RCC_OscConfig) for HAL_RCC_OscConfig
    main.o(i.SystemClock_Config) refers to main.o(i.Error_Handler) for Error_Handler
    main.o(i.SystemClock_Config) refers to stm32f1xx_hal_rcc.o(i.HAL_RCC_ClockConfig) for HAL_RCC_ClockConfig
    main.o(i.SystemClock_Config) refers to stm32f1xx_hal_rcc_ex.o(i.HAL_RCCEx_PeriphCLKConfig) for HAL_RCCEx_PeriphCLKConfig
    main.o(i.main) refers to stm32f1xx_hal.o(i.HAL_Init) for HAL_Init
    main.o(i.main) refers to main.o(i.SystemClock_Config) for SystemClock_Config
    main.o(i.main) refers to gpio.o(i.MX_GPIO_Init) for MX_GPIO_Init
    main.o(i.main) refers to rtc.o(i.MX_RTC_Init) for MX_RTC_Init
    main.o(i.main) refers to tim.o(i.MX_TIM2_Init) for MX_TIM2_Init
    main.o(i.main) refers to tim.o(i.MX_TIM3_Init) for MX_TIM3_Init
    main.o(i.main) refers to usart.o(i.MX_USART1_UART_Init) for MX_USART1_UART_Init
    main.o(i.main) refers to fatfs.o(i.MX_FATFS_Init) for MX_FATFS_Init
    main.o(i.main) refers to usb_device.o(i.MX_USB_DEVICE_Init) for MX_USB_DEVICE_Init
    main.o(i.main) refers to spi.o(i.MX_SPI1_Init) for MX_SPI1_Init
    main.o(i.main) refers to w25qxx.o(i.W25QXX_Init) for W25QXX_Init
    main.o(i.main) refers to printf2.o(i.__0printf$2) for __2printf
    main.o(i.main) refers to ff.o(i.f_mount) for f_mount
    main.o(i.main) refers to ff.o(i.f_mkfs) for f_mkfs
    main.o(i.main) refers to ff.o(i.f_setlabel) for f_setlabel
    main.o(i.main) refers to stm32f1xx_hal.o(i.HAL_Delay) for HAL_Delay
    main.o(i.main) refers to fatfs_test.o(i.WriteFileTest) for WriteFileTest
    main.o(i.main) refers to stm32f1xx_hal_gpio.o(i.HAL_GPIO_WritePin) for HAL_GPIO_WritePin
    main.o(i.main) refers to stm32f1xx_hal_gpio.o(i.HAL_GPIO_TogglePin) for HAL_GPIO_TogglePin
    main.o(i.main) refers to fatfs.o(.data) for fs
    main.o(i.main) refers to fatfs_test.o(.data) for p_FR_Table
    gpio.o(i.MX_GPIO_Init) refers to stm32f1xx_hal_gpio.o(i.HAL_GPIO_WritePin) for HAL_GPIO_WritePin
    gpio.o(i.MX_GPIO_Init) refers to stm32f1xx_hal_gpio.o(i.HAL_GPIO_Init) for HAL_GPIO_Init
    user_diskio.o(i.USER_initialize) refers to spi.o(i.MX_SPI1_Init) for MX_SPI1_Init
    user_diskio.o(i.USER_initialize) refers to user_diskio.o(.data) for Stat
    user_diskio.o(i.USER_read) refers to w25qxx.o(i.W25QXX_Read) for W25QXX_Read
    user_diskio.o(i.USER_status) refers to user_diskio.o(.data) for Stat
    user_diskio.o(i.USER_write) refers to w25qxx.o(i.W25QXX_Write) for W25QXX_Write
    user_diskio.o(.data) refers to user_diskio.o(i.USER_initialize) for USER_initialize
    user_diskio.o(.data) refers to user_diskio.o(i.USER_status) for USER_status
    user_diskio.o(.data) refers to user_diskio.o(i.USER_read) for USER_read
    user_diskio.o(.data) refers to user_diskio.o(i.USER_write) for USER_write
    user_diskio.o(.data) refers to user_diskio.o(i.USER_ioctl) for USER_ioctl
    fatfs.o(i.MX_FATFS_Init) refers to ff_gen_drv.o(i.FATFS_LinkDriver) for FATFS_LinkDriver
    fatfs.o(i.MX_FATFS_Init) refers to fatfs.o(.data) for USERPath
    fatfs.o(i.MX_FATFS_Init) refers to user_diskio.o(.data) for USER_Driver
[...]
    i.f_read                                 0x080079ee   Section        0  ff.o(i.f_read)
    i.f_setlabel                             0x08007bf4   Section        0  ff.o(i.f_setlabel)
    i.f_sync                                 0x08007d98   Section        0  ff.o(i.f_sync)
    i.f_write                                0x08007e62   Section        0  ff.o(i.f_write)
    i.find_volume                            0x080080b8   Section        0  ff.o(i.find_volume)
    find_volume                              0x080080b9   Thumb Code   964  ff.o(i.find_volume)
    i.follow_path                            0x0800848c   Section        0  ff.o(i.follow_path)
    follow_path                              0x0800848d   Thumb Code   156  ff.o(i.follow_path)
    i.fputc                                  0x08008528   Section        0  usart.o(i.fputc)
    i.get_fat                                0x08008544   Section        0  ff.o(i.get_fat)
    i.get_fattime                            0x08008632   Section        0  fatfs.o(i.get_fattime)
    i.get_ldnumber                           0x08008636   Section        0  ff.o(i.get_ldnumber)
    get_ldnumber                             0x08008637   Thumb Code    74  ff.o(i.get_ldnumber)
    i.ld_clust                               0x08008680   Section        0  ff.o(i.ld_clust)
    ld_clust                                 0x08008681   Thumb Code    34  ff.o(i.ld_clust)
    i.main                                   0x080086a4   Section        0  main.o(i.main)
    i.mem_cmp                                0x08008864   Section        0  ff.o(i.mem_cmp)
    mem_cmp                                  0x08008865   Thumb Code    38  ff.o(i.mem_cmp)
    i.mem_cpy                                0x0800888a   Section        0  ff.o(i.mem_cpy)
    mem_cpy                                  0x0800888b   Thumb Code    26  ff.o(i.mem_cpy)
    i.mem_set                                0x080088a4   Section        0  ff.o(i.mem_set)
    mem_set                                  0x080088a5   Thumb Code    20  ff.o(i.mem_set)
    i.move_window                            0x080088b8   Section        0  ff.o(i.move_window)
    move_window                              0x080088b9   Thumb Code    56  ff.o(i.move_window)
    i.put_fat                                0x080088f0   Section        0  ff.o(i.put_fat)
    i.remove_chain                           0x08008a36   Section        0  ff.o(i.remove_chain)
    remove_chain                             0x08008a37   Thumb Code   122  ff.o(i.remove_chain)
    i.st_clust                               0x08008ab0   Section        0  ff.o(i.st_clust)
    st_clust                                 0x08008ab1   Thumb Code    16  ff.o(i.st_clust)
    i.sync_fs                                0x08008ac0   Section        0  ff.o(i.sync_fs)
    sync_fs                                  0x08008ac1   Thumb Code   244  ff.o(i.sync_fs)
    i.sync_window                            0x08008bb4   Section        0  ff.o(i.sync_window)
    sync_window                              0x08008bb5   Thumb Code    96  ff.o(i.sync_window)
    i.validate                               0x08008c14   Section        0  ff.o(i.validate)
    validate                                 0x08008c15   Thumb Code    66  ff.o(i.validate)
    .constdata                               0x08008c56   Section       36  usbd_storage_if.o(.constdata)
    .constdata                               0x08008c7a   Section       24  system_stm32f1xx.o(.constdata)
    .constdata                               0x08008c92   Section       44  ff.o(.constdata)
    vst                                      0x08008c92   Data          22  ff.o(.constdata)
    cst                                      0x08008ca8   Data          22  ff.o(.constdata)
    .constdata                               0x08008cbe   Section       23  usbd_msc_data.o(.constdata)
    .conststring                             0x08008cd8   Section      704  fatfs_test.o(.conststring)
    .data                                    0x20000000   Section       24  user_diskio.o(.data)
    Stat                                     0x20000000   Data           1  user_diskio.o(.data)
    .data                                    0x20000018   Section       16  fatfs.o(.data)
    .data                                    0x20000028   Section       78  usbd_desc.o(.data)
    .data                                    0x20000078   Section       32  usbd_storage_if.o(.data)
    .data                                    0x20000098   Section        9  stm32f1xx_hal.o(.data)
    .data                                    0x200000a4   Section        4  system_stm32f1xx.o(.data)
    .data                                    0x200000a8   Section       10  ff.o(.data)
    FatFs                                    0x200000a8   Data           8  ff.o(.data)
    Fsid                                     0x200000b0   Data           2  ff.o(.data)
    .data                                    0x200000b2   Section        1  usbd_ctlreq.o(.data)
    cfgidx                                   0x200000b2   Data           1  usbd_ctlreq.o(.data)
    .data                                    0x200000b4   Section      162  usbd_msc.o(.data)
    .data                                    0x20000156   Section        2  w25qxx.o(.data)
    .data                                    0x20000158   Section       80  fatfs_test.o(.data)
    .data                                    0x200001a8   Section        4  stdout.o(.data)
    .bss                                     0x200001ac   Section       20  rtc.o(.bss)
    .bss                                     0x200001c0   Section       88  spi.o(.bss)
    .bss                                     0x20000218   Section      128  tim.o(.bss)
    .bss                                     0x20000298   Section       64  usart.o(.bss)
    .bss                                     0x200002d8   Section      708  usb_device.o(.bss)
    .bss                                     0x2000059c   Section     1244  usbd_conf.o(.bss)
    mem                                      0x20000808   Data         624  usbd_conf.o(.bss)
    .bss                                     0x20000a78   Section      512  usbd_desc.o(.bss)
    .bss                                     0x20000c78   Section       16  ff_gen_drv.o(.bss)
    .bss                                     0x20000c88   Section     4096  w25qxx.o(.bss)
    STACK                                    0x20001c88   Section     4096  startup_stm32f103xe.o(STACK)

    Global Symbols

    Symbol Name                              Value     Ov Type        Size  Object(Section)

    BuildAttributes$$THM_ISAv4$P$D$K$B$S$PE$A:L22UL41UL21$X:L11$S22US41US21$IEEE1$IW$USESV6$~STKCKD$USESV7$~SHL$OSPACE$ROPI$EBA8$MICROLIB$REQ8$PRES8$EABIv2 0x00000000   Number         0  anon$$obj.o ABSOLUTE
    __ARM_use_no_argv                        0x00000000   Number         0  main.o ABSOLUTE
    _printf_a                                0x00000000   Number         0  stubs.o ABSOLUTE
    _printf_c                                0x00000000   Number         0  stubs.o ABSOLUTE
    _printf_charcount                        0x00000000   Number         0  stubs.o ABSOLUTE
    _printf_d                                0x00000000   Number         0  stubs.o ABSOLUTE
    _printf_e                                0x00000000   Number         0  stubs.o ABSOLUTE
    _printf_f                                0x00000000   Number         0  stubs.o ABSOLUTE
    _printf_flags                            0x00000000   Number         0  stubs.o ABSOLUTE
    _printf_fp_dec                           0x00000000   Number         0  stubs.o ABSOLUTE
    _printf_fp_hex                           0x00000000   Number         0  stubs.o ABSOLUTE
    _printf_g                                0x00000000   Number         0  stubs.o ABSOLUTE
    _printf_i                                0x00000000   Number         0  stubs.o ABSOLUTE
    _printf_int_dec                          0x00000000   Number         0  stubs.o ABSOLUTE
    _printf_l                                0x00000000   Number         0  stubs.o ABSOLUTE
    _printf_lc                               0x00000000   Number         0  stubs.o ABSOLUTE
    _printf_ll                               0x00000000   Number         0  stubs.o ABSOLUTE
    _printf_lld                              0x00000000   Number         0  stubs.o ABSOLUTE
    _printf_lli                              0x00000000   Number         0  stubs.o ABSOLUTE
    _printf_llo                              0x00000000   Number         0  stubs.o ABSOLUTE
    _printf_llu                              0x00000000   Number         0  stubs.o ABSOLUTE
    _printf_llx                              0x00000000   Number         0  stubs.o ABSOLUTE
    _printf_longlong_dec                     0x00000000   Number         0  stubs.o ABSOLUTE
    _printf_longlong_hex                     0x00000000   Number         0  stubs.o ABSOLUTE
    _printf_longlong_oct                     0x00000000   Number         0  stubs.o ABSOLUTE
    _printf_ls                               0x00000000   Number         0  stubs.o ABSOLUTE
    _printf_mbtowc                           0x00000000   Number         0  stubs.o ABSOLUTE
    _printf_n                                0x00000000   Number         0  stubs.o ABSOLUTE
    _printf_o                                0x00000000   Number         0  stubs.o ABSOLUTE
    _printf_p                                0x00000000   Number         0  stubs.o ABSOLUTE
    _printf_percent                          0x00000000   Number         0  stubs.o ABSOLUTE
    _printf_pre_padding                      0x00000000   Number         0  stubs.o ABSOLUTE
    _printf_return_value                     0x00000000   Number         0  stubs.o ABSOLUTE
    _printf_s                                0x00000000   Number         0  stubs.o ABSOLUTE
    _printf_sizespec                         0x00000000   Number         0  stubs.o ABSOLUTE
    _printf_str                              0x00000000   Number         0  stubs.o ABSOLUTE
    _printf_truncate_signed                  0x00000000   Number         0  stubs.o ABSOLUTE
    _printf_truncate_unsigned                0x00000000   Number         0  stubs.o ABSOLUTE
    _printf_u                                0x00000000   Number         0  stubs.o ABSOLUTE
    _printf_wc                               0x00000000   Number         0  stubs.o ABSOLUTE
    _printf_wctomb                           0x00000000   Number         0  stubs.o ABSOLUTE
    _printf_widthprec                        0x00000000   Number         0  stubs.o ABSOLUTE
    _printf_x                                0x00000000   Number         0  stubs.o ABSOLUTE
    __cpp_initialize__aeabi_                  - Undefined Weak Reference
    __cxa_finalize                            - Undefined Weak Reference
    _clock_init                               - Undefined Weak Reference
    _microlib_exit                            - Undefined Weak Reference
    __Vectors_Size                           0x00000130   Number         0  startup_stm32f103xe.o ABSOLUTE
    __Vectors                                0x08000000   Data           4  startup_stm32f103xe.o(RESET)
    __Vectors_End                            0x08000130   Data           0  startup_stm32f103xe.o(RESET)
    __main                                   0x08000131   Thumb Code     0  entry.o(.ARM.Collect$$$$00000000)
    _main_stk                                0x08000131   Thumb Code     0  entry2.o(.ARM.Collect$$$$00000001)
    _main_scatterload                        0x08000135   Thumb Code     0  entry5.o(.ARM.Collect$$$$00000004)
    __main_after_scatterload                 0x08000139   Thumb Code     0  entry5.o(.ARM.Collect$$$$00000004)
    _main_clock                              0x08000139   Thumb Code     0  entry7b.o(.ARM.Collect$$$$00000008)
    _main_cpp_init                           0x08000139   Thumb Code     0  entry8b.o(.ARM.Collect$$$$0000000A)
    _main_init                               0x08000139   Thumb Code     0  entry9a.o(.ARM.Collect$$$$0000000B)
    __rt_final_cpp                           0x08000141   Thumb Code     0  entry10a.o(.ARM.Collect$$$$0000000D)
    __rt_final_exit                          0x08000141   Thumb Code     0  entry11a.o(.ARM.Collect$$$$0000000F)
    Reset_Handler                            0x08000145   Thumb Code     8  startup_stm32f103xe.o(.text)
    ADC1_2_IRQHandler                        0x0800015f   Thumb Code     0  startup_stm32f103xe.o(.text)
    ADC3_IRQHandler                          0x0800015f   Thumb Code     0  startup_stm32f103xe.o(.text)
    CAN1_RX1_IRQHandler                      0x0800015f   Thumb Code     0  startup_stm32f103xe.o(.text)
    CAN1_SCE_IRQHandler                      0x0800015f   Thumb Code     0  startup_stm32f103xe.o(.text)
    DMA1_Channel1_IRQHandler                 0x0800015f   Thumb Code     0  startup_stm32f103xe.o(.text)
    DMA1_Channel2_IRQHandler                 0x0800015f   Thumb Code     0  startup_stm32f103xe.o(.text)
    DMA1_Channel3_IRQHandler                 0x0800015f   Thumb Code     0  startup_stm32f103xe.o(.text)
    DMA1_Channel4_IRQHandler                 0x0800015f   Thumb Code     0  startup_stm32f103xe.o(.text)
    DMA1_Channel5_IRQHandler                 0x0800015f   Thumb Code     0  startup_stm32f103xe.o(.text)
    DMA1_Channel6_IRQHandler                 0x0800015f   Thumb Code     0  startup_stm32f103xe.o(.text)
    DMA1_Channel7_IRQHandler                 0x0800015f   Thumb Code     0  startup_stm32f103xe.o(.text)
    DMA2_Channel1_IRQHandler                 0x0800015f   Thumb Code     0  startup_stm32f103xe.o(.text)
    DMA2_Channel2_IRQHandler                 0x0800015f   Thumb Code     0  startup_stm32f103xe.o(.text)
    DMA2_Channel3_IRQHandler                 0x0800015f   Thumb Code     0  startup_stm32f103xe.o(.text)
    DMA2_Channel4_5_IRQHandler               0x0800015f   Thumb Code     0  startup_stm32f103xe.o(.text)
    EXTI0_IRQHandler                         0x0800015f   Thumb Code     0  startup_stm32f103xe.o(.text)
    EXTI15_10_IRQHandler                     0x0800015f   Thumb Code     0  startup_stm32f103xe.o(.text)
    EXTI1_IRQHandler                         0x0800015f   Thumb Code     0  startup_stm32f103xe.o(.text)
    EXTI2_IRQHandler                         0x0800015f   Thumb Code     0  startup_stm32f103xe.o(.text)
    EXTI3_IRQHandler                         0x0800015f   Thumb Code     0  startup_stm32f103xe.o(.text)
    EXTI4_IRQHandler                         0x0800015f   Thumb Code     0  startup_stm32f103xe.o(.text)
    EXTI9_5_IRQHandler                       0x0800015f   Thumb Code     0  startup_stm32f103xe.o(.text)
    FLASH_IRQHandler                         0x0800015f   Thumb Code     0  startup_stm32f103xe.o(.text)
    FSMC_IRQHandler                          0x0800015f   Thumb Code     0  startup_stm32f103xe.o(.text)
    I2C1_ER_IRQHandler                       0x0800015f   Thumb Code     0  startup_stm32f103xe.o(.text)
    I2C1_EV_IRQHandler                       0x0800015f   Thumb Code     0  startup_stm32f103xe.o(.text)
    I2C2_ER_IRQHandler                       0x0800015f   Thumb Code     0  startup_stm32f103xe.o(.text)
    I2C2_EV_IRQHandler                       0x0800015f   Thumb Code     0  startup_stm32f103xe.o(.text)
    PVD_IRQHandler                           0x0800015f   Thumb Code     0  startup_stm32f103xe.o(.text)
    RCC_IRQHandler                           0x0800015f   Thumb Code     0  startup_stm32f103xe.o(.text)
    RTC_Alarm_IRQHandler                     0x0800015f   Thumb Code     0  startup_stm32f103xe.o(.text)
    RTC_IRQHandler                           0x0800015f   Thumb Code     0  startup_stm32f103xe.o(.text)
    SDIO_IRQHandler                          0x0800015f   Thumb Code     0  startup_stm32f103xe.o(.text)
    SPI1_IRQHandler                          0x0800015f   Thumb Code     0  startup_stm32f103xe.o(.text)
    SPI2_IRQHandler                          0x0800015f   Thumb Code     0  startup_stm32f103xe.o(.text)
    SPI3_IRQHandler                          0x0800015f   Thumb Code     0  startup_stm32f103xe.o(.text)
    TAMPER_IRQHandler                        0x0800015f   Thumb Code     0  startup_stm32f103xe.o(.text)
    TIM1_BRK_IRQHandler                      0x0800015f   Thumb Code     0  startup_stm32f103xe.o(.text)
    TIM1_CC_IRQHandler                       0x0800015f   Thumb Code     0  startup_stm32f103xe.o(.text)
    TIM1_TRG_COM_IRQHandler                  0x0800015f   Thumb Code     0  startup_stm32f103xe.o(.text)
    TIM1_UP_IRQHandler                       0x0800015f   Thumb Code     0  startup_stm32f103xe.o(.text)
    TIM3_IRQHandler                          0x0800015f   Thumb Code     0  startup_stm32f103xe.o(.text)
    TIM4_IRQHandler                          0x0800015f   Thumb Code     0  startup_stm32f103xe.o(.text)
    TIM5_IRQHandler                          0x0800015f   Thumb Code     0  startup_stm32f103xe.o(.text)
    TIM6_IRQHandler                          0x0800015f   Thumb Code     0  startup_stm32f103xe.o(.text)
    TIM7_IRQHandler                          0x0800015f   Thumb Code     0  startup_stm32f103xe.o(.text)
    TIM8_BRK_IRQHandler                      0x0800015f   Thumb Code     0  startup_stm32f103xe.o(.text)
    TIM8_CC_IRQHandler                       0x0800015f   Thumb Code     0  startup_stm32f103xe.o(.text)
    TIM8_TRG_COM_IRQHandler                  0x0800015f   Thumb Code     0  startup_stm32f103xe.o(.text)
    TIM8_UP_IRQHandler                       0x0800015f   Thumb Code     0  startup_stm32f103xe.o(.text)
    UART4_IRQHandler                         0x0800015f   Thumb Code     0  startup_stm32f103xe.o(.text)
    UART5_IRQHandler                         0x0800015f   Thumb Code     0  startup_stm32f103xe.o(.text)
    USART2_IRQHandler                        0x0800015f   Thumb Code     0  startup_stm32f103xe.o(.text)
    USART3_IRQHandler                        0x0800015f   Thumb Code     0  startup_stm32f103xe.o(.text)
    USBWakeUp_IRQHandler                     0x0800015f   Thumb Code     0  startup_stm32f103xe.o(.text)
    USB_HP_CAN1_TX_IRQHandler                0x0800015f   Thumb Code     0  startup_stm32f103xe.o(.text)
    WWDG_IRQHandler                          0x0800015f   Thumb Code     0  startup_stm32f103xe.o(.text)
    __aeabi_memcpy                           0x08000169   Thumb Code    36  memcpya.o(.text)
    __aeabi_memcpy4                          0x08000169   Thumb Code     0  memcpya.o(.text)
    __aeabi_memcpy8                          0x08000169   Thumb Code     0  memcpya.o(.text)
    __aeabi_memset                           0x0800018d   Thumb Code    14  memseta.o(.text)
    __aeabi_memset4                          0x0800018d   Thumb Code     0  memseta.o(.text)
    __aeabi_memset8                          0x0800018d   Thumb Code     0  memseta.o(.text)
    __aeabi_memclr                           0x0800019b   Thumb Code     4  memseta.o(.text)
    __aeabi_memclr4                          0x0800019b   Thumb Code     0  memseta.o(.text)
    __aeabi_memclr8                          0x0800019b   Thumb Code     0  memseta.o(.text)
    _memset$wrapper                          0x0800019f   Thumb Code    18  memseta.o(.text)
    __scatterload                            0x080001b1   Thumb Code    28  init.o(.text)
    __scatterload_rt2                        0x080001b1   Thumb Code     0  init.o(.text)
    __decompress                             0x080001d5   Thumb Code     0  __dczerorl2.o(.text)
    __decompress1                            0x080001d5   Thumb Code    86  __dczerorl2.o(.text)
    BusFault_Handler                         0x0800022b   Thumb Code     4  stm32f1xx_it.o(i.BusFault_Handler)
    DebugMon_Handler                         0x0800022f   Thumb Code     2  stm32f1xx_it.o(i.DebugMon_Handler)
    Error_Handler                            0x08000231   Thumb Code     2  main.o(i.Error_Handler)
    FATFS_LinkDriver                         0x08000233   Thumb Code    18  ff_gen_drv.o(i.FATFS_LinkDriver)
    FATFS_LinkDriverEx                       0x08000245   Thumb Code    78  ff_gen_drv.o(i.FATFS_LinkDriverEx)
    HAL_DMA_Abort_IT                         0x080002cd   Thumb Code   414  stm32f1xx_hal_dma.o(i.HAL_DMA_Abort_IT)
    HAL_Delay                                0x08000475   Thumb Code    36  stm32f1xx_hal.o(i.HAL_Delay)
    HAL_GPIO_Init                            0x0800049d   Thumb Code   792  stm32f1xx_hal_gpio.o(i.HAL_GPIO_Init)
    HAL_GPIO_TogglePin                       0x080007dd   Thumb Code    14  stm32f1xx_hal_gpio.o(i.HAL_GPIO_TogglePin)
    HAL_GPIO_WritePin                        0x080007eb   Thumb Code    12  stm32f1xx_hal_gpio.o(i.HAL_GPIO_WritePin)
    HAL_GetTick                              0x080007f9   Thumb Code     6  stm32f1xx_hal.o(i.HAL_GetTick)
    HAL_IncTick                              0x08000805   Thumb Code    16  stm32f1xx_hal.o(i.HAL_IncTick)
    HAL_Init                                 0x0800081d   Thumb Code    34  stm32f1xx_hal.o(i.HAL_Init)
    HAL_InitTick                             0x08000845   Thumb Code    64  stm32f1xx_hal.o(i.HAL_InitTick)
    HAL_MspInit                              0x08000891   Thumb Code    76  stm32f1xx_hal_msp.o(i.HAL_MspInit)
    HAL_NVIC_EnableIRQ                       0x080008e5   Thumb Code    32  stm32f1xx_hal_cortex.o(i.HAL_NVIC_EnableIRQ)
    HAL_NVIC_SetPriority                     0x08000905   Thumb Code   124  stm32f1xx_hal_cortex.o(i.HAL_NVIC_SetPriority)
    HAL_NVIC_SetPriorityGrouping             0x08000981   Thumb Code    32  stm32f1xx_hal_cortex.o(i.HAL_NVIC_SetPriorityGrouping)
    HAL_PCDEx_PMAConfig                      0x080009a9   Thumb Code    60  stm32f1xx_hal_pcd_ex.o(i.HAL_PCDEx_PMAConfig)
    HAL_PCDEx_SetConnectionState             0x080009e5   Thumb Code     2  usbd_conf.o(i.HAL_PCDEx_SetConnectionState)
    HAL_PCD_DataInStageCallback              0x080009e7   Thumb Code    28  usbd_conf.o(i.HAL_PCD_DataInStageCallback)
    HAL_PCD_DataOutStageCallback             0x08000a03   Thumb Code    28  usbd_conf.o(i.HAL_PCD_DataOutStageCallback)
    HAL_PCD_EP_Close                         0x08000a1f   Thumb Code    98  stm32f1xx_hal_pcd.o(i.HAL_PCD_EP_Close)
    HAL_PCD_EP_ClrStall                      0x08000a81   Thumb Code   116  stm32f1xx_hal_pcd.o(i.HAL_PCD_EP_ClrStall)
    HAL_PCD_EP_Flush                         0x08000af5   Thumb Code    68  stm32f1xx_hal_pcd.o(i.HAL_PCD_EP_Flush)
    HAL_PCD_EP_GetRxCount                    0x08000b39   Thumb Code    18  stm32f1xx_hal_pcd.o(i.HAL_PCD_EP_GetRxCount)
    HAL_PCD_EP_Open                          0x08000b4b   Thumb Code   132  stm32f1xx_hal_pcd.o(i.HAL_PCD_EP_Open)
    HAL_PCD_EP_Receive                       0x08000bcf   Thumb Code    72  stm32f1xx_hal_pcd.o(i.HAL_PCD_EP_Receive)
    HAL_PCD_EP_SetStall                      0x08000c17   Thumb Code   128  stm32f1xx_hal_pcd.o(i.HAL_PCD_EP_SetStall)
    HAL_PCD_EP_Transmit                      0x08000c97   Thumb Code    74  stm32f1xx_hal_pcd.o(i.HAL_PCD_EP_Transmit)
    HAL_PCD_IRQHandler                       0x08000ce1   Thumb Code   384  stm32f1xx_hal_pcd.o(i.HAL_PCD_IRQHandler)
    HAL_PCD_Init                             0x08000e61   Thumb Code   302  stm32f1xx_hal_pcd.o(i.HAL_PCD_Init)
    HAL_PCD_MspInit                          0x08000f91   Thumb Code    58  usbd_conf.o(i.HAL_PCD_MspInit)
    HAL_PCD_ResetCallback                    0x08000fd5   Thumb Code    36  usbd_conf.o(i.HAL_PCD_ResetCallback)
    HAL_PCD_ResumeCallback                   0x08000ff9   Thumb Code    14  usbd_conf.o(i.HAL_PCD_ResumeCallback)
    HAL_PCD_SOFCallback                      0x08001007   Thumb Code    14  usbd_conf.o(i.HAL_PCD_SOFCallback)
    HAL_PCD_SetAddress                       0x08001015   Thumb Code    54  stm32f1xx_hal_pcd.o(i.HAL_PCD_SetAddress)
    HAL_PCD_SetupStageCallback               0x0800104b   Thumb Code    18  usbd_conf.o(i.HAL_PCD_SetupStageCallback)
    HAL_PCD_Start                            0x0800105d   Thumb Code    60  stm32f1xx_hal_pcd.o(i.HAL_PCD_Start)
    HAL_PCD_SuspendCallback                  0x08001099   Thumb Code    30  usbd_conf.o(i.HAL_PCD_SuspendCallback)
    HAL_PWR_EnableBkUpAccess                 0x080010bd   Thumb Code     8  stm32f1xx_hal_pwr.o(i.HAL_PWR_EnableBkUpAccess)
    HAL_RCCEx_GetPeriphCLKFreq               0x080010c9   Thumb Code   276  stm32f1xx_hal_rcc_ex.o(i.HAL_RCCEx_GetPeriphCLKFreq)
    HAL_RCCEx_PeriphCLKConfig                0x080011fd   Thumb Code   290  stm32f1xx_hal_rcc_ex.o(i.HAL_RCCEx_PeriphCLKConfig)
    HAL_RCC_ClockConfig                      0x0800132d   Thumb Code   376  stm32f1xx_hal_rcc.o(i.HAL_RCC_ClockConfig)
    HAL_RCC_GetHCLKFreq                      0x080014b9   Thumb Code     6  stm32f1xx_hal_rcc.o(i.HAL_RCC_GetHCLKFreq)
    HAL_RCC_GetPCLK1Freq                     0x080014c5   Thumb Code    22  stm32f1xx_hal_rcc.o(i.HAL_RCC_GetPCLK1Freq)
    HAL_RCC_GetPCLK2Freq                     0x080014e5   Thumb Code    22  stm32f1xx_hal_rcc.o(i.HAL_RCC_GetPCLK2Freq)
    HAL_RCC_GetSysClockFreq                  0x08001505   Thumb Code   116  stm32f1xx_hal_rcc.o(i.HAL_RCC_GetSysClockFreq)
    HAL_RCC_OscConfig                        0x08001599   Thumb Code  1114  stm32f1xx_hal_rcc.o(i.HAL_RCC_OscConfig)
    HAL_RTC_Init                             0x080019fd   Thumb Code   202  stm32f1xx_hal_rtc.o(i.HAL_RTC_Init)
    HAL_RTC_MspInit                          0x08001acd   Thumb Code    52  rtc.o(i.HAL_RTC_MspInit)
    HAL_RTC_SetDate                          0x08001b0d   Thumb Code   242  stm32f1xx_hal_rtc.o(i.HAL_RTC_SetDate)
    HAL_RTC_SetTime                          0x08001c05   Thumb Code   214  stm32f1xx_hal_rtc.o(i.HAL_RTC_SetTime)
    HAL_RTC_WaitForSynchro                   0x08001ce1   Thumb Code    64  stm32f1xx_hal_rtc.o(i.HAL_RTC_WaitForSynchro)
    HAL_SPI_Init                             0x08001d21   Thumb Code   136  stm32f1xx_hal_spi.o(i.HAL_SPI_Init)
    HAL_SPI_MspInit                          0x08001da9   Thumb Code   120  spi.o(i.HAL_SPI_MspInit)
    HAL_SPI_TransmitReceive                  0x08001e2d   Thumb Code   554  stm32f1xx_hal_spi.o(i.HAL_SPI_TransmitReceive)
    HAL_SYSTICK_Config                       0x08002057   Thumb Code    52  stm32f1xx_hal_cortex.o(i.HAL_SYSTICK_Config)
    HAL_TIMEx_BreakCallback                  0x0800208b   Thumb Code     2  stm32f1xx_hal_tim_ex.o(i.HAL_TIMEx_BreakCallback)
    HAL_TIMEx_CommutCallback                 0x0800208d   Thumb Code     2  stm32f1xx_hal_tim_ex.o(i.HAL_TIMEx_CommutCallback)
    HAL_TIMEx_MasterConfigSynchronization    0x0800208f   Thumb Code    84  stm32f1xx_hal_tim_ex.o(i.HAL_TIMEx_MasterConfigSynchronization)
    HAL_TIM_Base_Init                        0x080020e3   Thumb Code    52  stm32f1xx_hal_tim.o(i.HAL_TIM_Base_Init)
    HAL_TIM_Base_MspInit                     0x08002119   Thumb Code    96  tim.o(i.HAL_TIM_Base_MspInit)
    HAL_TIM_ConfigClockSource                0x08002181   Thumb Code   264  stm32f1xx_hal_tim.o(i.HAL_TIM_ConfigClockSource)
    HAL_TIM_IC_CaptureCallback               0x08002289   Thumb Code     2  stm32f1xx_hal_tim.o(i.HAL_TIM_IC_CaptureCallback)
    HAL_TIM_IRQHandler                       0x0800228b   Thumb Code   406  stm32f1xx_hal_tim.o(i.HAL_TIM_IRQHandler)
    HAL_TIM_OC_DelayElapsedCallback          0x08002421   Thumb Code     2  stm32f1xx_hal_tim.o(i.HAL_TIM_OC_DelayElapsedCallback)
    HAL_TIM_PWM_PulseFinishedCallback        0x08002423   Thumb Code     2  stm32f1xx_hal_tim.o(i.HAL_TIM_PWM_PulseFinishedCallback)
    HAL_TIM_PeriodElapsedCallback            0x08002425   Thumb Code     2  stm32f1xx_hal_tim.o(i.HAL_TIM_PeriodElapsedCallback)
    HAL_TIM_TriggerCallback                  0x08002427   Thumb Code     2  stm32f1xx_hal_tim.o(i.HAL_TIM_TriggerCallback)
    HAL_UART_ErrorCallback                   0x08002429   Thumb Code     2  stm32f1xx_hal_uart.o(i.HAL_UART_ErrorCallback)
    HAL_UART_IRQHandler                      0x0800242d   Thumb Code   326  stm32f1xx_hal_uart.o(i.HAL_UART_IRQHandler)
    HAL_UART_Init                            0x08002579   Thumb Code   114  stm32f1xx_hal_uart.o(i.HAL_UART_Init)
    HAL_UART_MspInit                         0x080025ed   Thumb Code   138  usart.o(i.HAL_UART_MspInit)
    HAL_UART_RxCpltCallback                  0x08002685   Thumb Code     2  stm32f1xx_hal_uart.o(i.HAL_UART_RxCpltCallback)
    HAL_UART_Transmit                        0x08002687   Thumb Code   214  stm32f1xx_hal_uart.o(i.HAL_UART_Transmit)
    HAL_UART_TxCpltCallback                  0x0800275d   Thumb Code     2  stm32f1xx_hal_uart.o(i.HAL_UART_TxCpltCallback)
    HardFault_Handler                        0x0800275f   Thumb Code     4  stm32f1xx_it.o(i.HardFault_Handler)
    MSC_BOT_CplClrFeature                    0x080028c1   Thumb Code    60  usbd_msc_bot.o(i.MSC_BOT_CplClrFeature)
    MSC_BOT_DataIn                           0x080028fd   Thumb Code    74  usbd_msc_bot.o(i.MSC_BOT_DataIn)
    MSC_BOT_DataOut                          0x08002947   Thumb Code    64  usbd_msc_bot.o(i.MSC_BOT_DataOut)
    MSC_BOT_DeInit                           0x08002987   Thumb Code    10  usbd_msc_bot.o(i.MSC_BOT_DeInit)
    MSC_BOT_Init                             0x08002991   Thumb Code    64  usbd_msc_bot.o(i.MSC_BOT_Init)
    MSC_BOT_Reset                            0x080029d1   Thumb Code    32  usbd_msc_bot.o(i.MSC_BOT_Reset)
    MSC_BOT_SendCSW                          0x080029f1   Thumb Code    56  usbd_msc_bot.o(i.MSC_BOT_SendCSW)
    MX_FATFS_Init                            0x08002a7d   Thumb Code    16  fatfs.o(i.MX_FATFS_Init)
    MX_GPIO_Init                             0x08002a99   Thumb Code   182  gpio.o(i.MX_GPIO_Init)
    MX_RTC_Init                              0x08002b61   Thumb Code   110  rtc.o(i.MX_RTC_Init)
    MX_SPI1_Init                             0x08002bd9   Thumb Code    62  spi.o(i.MX_SPI1_Init)
    MX_TIM2_Init                             0x08002c21   Thumb Code   104  tim.o(i.MX_TIM2_Init)
    MX_TIM3_Init                             0x08002c8d   Thumb Code   100  tim.o(i.MX_TIM3_Init)
    MX_USART1_UART_Init                      0x08002cf9   Thumb Code    46  usart.o(i.MX_USART1_UART_Init)
    MX_USB_DEVICE_Init                       0x08002d31   Thumb Code    60  usb_device.o(i.MX_USB_DEVICE_Init)
    MemManage_Handler                        0x08002d7d   Thumb Code     4  stm32f1xx_it.o(i.MemManage_Handler)
    NMI_Handler                              0x08002d81   Thumb Code     2  stm32f1xx_it.o(i.NMI_Handler)
    PendSV_Handler                           0x0800311b   Thumb Code     2  stm32f1xx_it.o(i.PendSV_Handler)
    SCSI_ProcessCmd                          0x080033e9   Thumb Code   238  usbd_msc_scsi.o(i.SCSI_ProcessCmd)
    SCSI_SenseCode                           0x080038c1   Thumb Code    64  usbd_msc_scsi.o(i.SCSI_SenseCode)
    SPI5_ReadWriteByte                       0x08003ac5   Thumb Code    28  spi.o(i.SPI5_ReadWriteByte)
    SVC_Handler                              0x08003beb   Thumb Code     2  stm32f1xx_it.o(i.SVC_Handler)
    SysTick_Handler                          0x08003bed   Thumb Code     8  stm32f1xx_it.o(i.SysTick_Handler)
    SystemClock_Config                       0x08003bf5   Thumb Code   138  main.o(i.SystemClock_Config)
    SystemInit                               0x08003c81   Thumb Code    70  system_stm32f1xx.o(i.SystemInit)
    TIM2_IRQHandler                          0x08003cd9   Thumb Code    10  stm32f1xx_it.o(i.TIM2_IRQHandler)
    TIM_Base_SetConfig                       0x08003ce9   Thumb Code   134  stm32f1xx_hal_tim.o(i.TIM_Base_SetConfig)
    TIM_ETR_SetConfig                        0x08003d85   Thumb Code    22  stm32f1xx_hal_tim.o(i.TIM_ETR_SetConfig)
    USART1_IRQHandler                        0x08004169   Thumb Code    10  stm32f1xx_it.o(i.USART1_IRQHandler)
    USBD_ClrClassConfig                      0x08004179   Thumb Code    22  usbd_core.o(i.USBD_ClrClassConfig)
    USBD_CtlContinueRx                       0x080041cd   Thumb Code    24  usbd_ioreq.o(i.USBD_CtlContinueRx)
    USBD_CtlContinueSendData                 0x080041e5   Thumb Code    24  usbd_ioreq.o(i.USBD_CtlContinueSendData)
    USBD_CtlError                            0x080041fd   Thumb Code    24  usbd_ctlreq.o(i.USBD_CtlError)
    USBD_CtlReceiveStatus                    0x08004215   Thumb Code    26  usbd_ioreq.o(i.USBD_CtlReceiveStatus)
    USBD_CtlSendData                         0x0800422f   Thumb Code    34  usbd_ioreq.o(i.USBD_CtlSendData)
    USBD_CtlSendStatus                       0x08004251   Thumb Code    26  usbd_ioreq.o(i.USBD_CtlSendStatus)
    USBD_FS_ConfigStrDescriptor              0x0800426d   Thumb Code    34  usbd_desc.o(i.USBD_FS_ConfigStrDescriptor)
    USBD_FS_DeviceDescriptor                 0x080042a1   Thumb Code    10  usbd_desc.o(i.USBD_FS_DeviceDescriptor)
    USBD_FS_InterfaceStrDescriptor           0x080042b1   Thumb Code    34  usbd_desc.o(i.USBD_FS_InterfaceStrDescriptor)
    USBD_FS_LangIDStrDescriptor              0x080042e9   Thumb Code    10  usbd_desc.o(i.USBD_FS_LangIDStrDescriptor)
    USBD_FS_ManufacturerStrDescriptor        0x080042f9   Thumb Code    20  usbd_desc.o(i.USBD_FS_ManufacturerStrDescriptor)
    USBD_FS_ProductStrDescriptor             0x08004325   Thumb Code    34  usbd_desc.o(i.USBD_FS_ProductStrDescriptor)
    USBD_FS_SerialStrDescriptor              0x08004365   Thumb Code    18  usbd_desc.o(i.USBD_FS_SerialStrDescriptor)
    USBD_GetString                           0x08004635   Thumb Code    82  usbd_ctlreq.o(i.USBD_GetString)
    USBD_Init                                0x080046b5   Thumb Code    68  usbd_core.o(i.USBD_Init)
    USBD_LL_ClearStallEP                     0x0800471d   Thumb Code    38  usbd_conf.o(i.USBD_LL_ClearStallEP)
    USBD_LL_CloseEP                          0x08004743   Thumb Code    38  usbd_conf.o(i.USBD_LL_CloseEP)
    USBD_LL_DataInStage                      0x08004769   Thumb Code   256  usbd_core.o(i.USBD_LL_DataInStage)
    USBD_LL_DataOutStage                     0x08004869   Thumb Code   166  usbd_core.o(i.USBD_LL_DataOutStage)
    USBD_LL_FlushEP                          0x0800490f   Thumb Code    38  usbd_conf.o(i.USBD_LL_FlushEP)
    USBD_LL_GetRxDataSize                    0x08004935   Thumb Code    18  usbd_conf.o(i.USBD_LL_GetRxDataSize)
    USBD_LL_Init                             0x08004949   Thumb Code   108  usbd_conf.o(i.USBD_LL_Init)
    USBD_LL_IsStallEP                        0x080049bd   Thumb Code    48  usbd_conf.o(i.USBD_LL_IsStallEP)
    USBD_LL_OpenEP                           0x080049ed   Thumb Code    48  usbd_conf.o(i.USBD_LL_OpenEP)
    USBD_LL_PrepareReceive                   0x08004a1d   Thumb Code    48  usbd_conf.o(i.USBD_LL_PrepareReceive)
    USBD_LL_Reset                            0x08004a4d   Thumb Code    92  usbd_core.o(i.USBD_LL_Reset)
    USBD_LL_Resume                           0x08004aa9   Thumb Code    22  usbd_core.o(i.USBD_LL_Resume)
    USBD_LL_SOF                              0x08004abf   Thumb Code    34  usbd_core.o(i.USBD_LL_SOF)
    USBD_LL_SetSpeed                         0x08004ae1   Thumb Code     8  usbd_core.o(i.USBD_LL_SetSpeed)
    USBD_LL_SetUSBAddress                    0x08004ae9   Thumb Code    38  usbd_conf.o(i.USBD_LL_SetUSBAddress)
    USBD_LL_SetupStage                       0x08004b0f   Thumb Code   110  usbd_core.o(i.USBD_LL_SetupStage)
    USBD_LL_StallEP                          0x08004b7d   Thumb Code    38  usbd_conf.o(i.USBD_LL_StallEP)
    USBD_LL_Start                            0x08004ba3   Thumb Code    30  usbd_conf.o(i.USBD_LL_Start)
    USBD_LL_Suspend                          0x08004bc1   Thumb Code    20  usbd_core.o(i.USBD_LL_Suspend)
    USBD_LL_Transmit                         0x08004bd5   Thumb Code    48  usbd_conf.o(i.USBD_LL_Transmit)
    USBD_MSC_DataIn                          0x08004c05   Thumb Code    18  usbd_msc.o(i.USBD_MSC_DataIn)
    USBD_MSC_DataOut                         0x08004c17   Thumb Code    18  usbd_msc.o(i.USBD_MSC_DataOut)
    USBD_MSC_DeInit                          0x08004c29   Thumb Code    62  usbd_msc.o(i.USBD_MSC_DeInit)
    USBD_MSC_GetDeviceQualifierDescriptor    0x08004c69   Thumb Code    10  usbd_msc.o(i.USBD_MSC_GetDeviceQualifierDescriptor)
    USBD_MSC_GetFSCfgDesc                    0x08004c79   Thumb Code    10  usbd_msc.o(i.USBD_MSC_GetFSCfgDesc)
    USBD_MSC_GetHSCfgDesc                    0x08004c89   Thumb Code    10  usbd_msc.o(i.USBD_MSC_GetHSCfgDesc)
    USBD_MSC_GetOtherSpeedCfgDesc            0x08004c99   Thumb Code    10  usbd_msc.o(i.USBD_MSC_GetOtherSpeedCfgDesc)
    USBD_MSC_Init                            0x08004ca9   Thumb Code   114  usbd_msc.o(i.USBD_MSC_Init)
    USBD_MSC_RegisterStorage                 0x08004d1b   Thumb Code    12  usbd_msc.o(i.USBD_MSC_RegisterStorage)
    USBD_MSC_Setup                           0x08004d27   Thumb Code   452  usbd_msc.o(i.USBD_MSC_Setup)
    USBD_ParseSetupRequest                   0x08004eeb   Thumb Code    40  usbd_ctlreq.o(i.USBD_ParseSetupRequest)
    USBD_RegisterClass                       0x08004f15   Thumb Code    40  usbd_core.o(i.USBD_RegisterClass)
    USBD_RunTestMode                         0x08004f61   Thumb Code     6  usbd_core.o(i.USBD_RunTestMode)
    USBD_SetClassConfig                      0x08004fc1   Thumb Code    34  usbd_core.o(i.USBD_SetClassConfig)
    USBD_Start                               0x080050e5   Thumb Code    14  usbd_core.o(i.USBD_Start)
    USBD_StdDevReq                           0x080050f3   Thumb Code   162  usbd_ctlreq.o(i.USBD_StdDevReq)
    USBD_StdEPReq                            0x08005195   Thumb Code   568  usbd_ctlreq.o(i.USBD_StdEPReq)
    USBD_StdItfReq                           0x080053cd   Thumb Code   126  usbd_ctlreq.o(i.USBD_StdItfReq)
    USBD_static_free                         0x0800544b   Thumb Code     2  usbd_conf.o(i.USBD_static_free)
    USBD_static_malloc                       0x0800544d   Thumb Code     6  usbd_conf.o(i.USBD_static_malloc)
    USB_ActivateEndpoint                     0x08005459   Thumb Code  1174  stm32f1xx_ll_usb.o(i.USB_ActivateEndpoint)
    USB_CoreInit                             0x080058ef   Thumb Code     8  stm32f1xx_ll_usb.o(i.USB_CoreInit)
    USB_DeactivateEndpoint                   0x080058f7   Thumb Code   636  stm32f1xx_ll_usb.o(i.USB_DeactivateEndpoint)
    USB_DevConnect                           0x08005b73   Thumb Code     6  stm32f1xx_ll_usb.o(i.USB_DevConnect)
    USB_DevDisconnect                        0x08005b79   Thumb Code     6  stm32f1xx_ll_usb.o(i.USB_DevDisconnect)
    USB_DevInit                              0x08005b7f   Thumb Code    30  stm32f1xx_ll_usb.o(i.USB_DevInit)
    USB_DisableGlobalInt                     0x08005b9d   Thumb Code    20  stm32f1xx_ll_usb.o(i.USB_DisableGlobalInt)
    USB_EP0_OutStart                         0x08005bb1   Thumb Code     6  stm32f1xx_ll_usb.o(i.USB_EP0_OutStart)
    USB_EPClearStall                         0x08005bb7   Thumb Code   218  stm32f1xx_ll_usb.o(i.USB_EPClearStall)
    USB_EPSetStall                           0x08005c91   Thumb Code    92  stm32f1xx_ll_usb.o(i.USB_EPSetStall)
    USB_EPStartXfer                          0x08005ced   Thumb Code  1108  stm32f1xx_ll_usb.o(i.USB_EPStartXfer)
    USB_EnableGlobalInt                      0x08006141   Thumb Code    20  stm32f1xx_ll_usb.o(i.USB_EnableGlobalInt)
    USB_FlushRxFifo                          0x08006155   Thumb Code     6  stm32f1xx_ll_usb.o(i.USB_FlushRxFifo)
    USB_FlushTxFifo                          0x0800615b   Thumb Code     6  stm32f1xx_ll_usb.o(i.USB_FlushTxFifo)
    USB_LP_CAN1_RX0_IRQHandler               0x08006161   Thumb Code    10  stm32f1xx_it.o(i.USB_LP_CAN1_RX0_IRQHandler)
    USB_ReadInterrupts                       0x08006171   Thumb Code     8  stm32f1xx_ll_usb.o(i.USB_ReadInterrupts)
    USB_ReadPMA                              0x08006179   Thumb Code    74  stm32f1xx_ll_usb.o(i.USB_ReadPMA)
    USB_SetCurrentMode                       0x080061c3   Thumb Code     6  stm32f1xx_ll_usb.o(i.USB_SetCurrentMode)
    USB_SetDevAddress                        0x080061c9   Thumb Code    14  stm32f1xx_ll_usb.o(i.USB_SetDevAddress)
    USB_WritePMA                             0x080061d7   Thumb Code    66  stm32f1xx_ll_usb.o(i.USB_WritePMA)
    USER_initialize                          0x08006219   Thumb Code    34  user_diskio.o(i.USER_initialize)
    USER_ioctl                               0x08006241   Thumb Code    66  user_diskio.o(i.USER_ioctl)
    USER_read                                0x08006283   Thumb Code    78  user_diskio.o(i.USER_read)
    USER_status                              0x080062d1   Thumb Code    14  user_diskio.o(i.USER_status)
    USER_write                               0x080062e5   Thumb Code    78  user_diskio.o(i.USER_write)
    UsageFault_Handler                       0x08006333   Thumb Code     4  stm32f1xx_it.o(i.UsageFault_Handler)
    W25QXX_Erase_Sector                      0x08006339   Thumb Code    86  w25qxx.o(i.W25QXX_Erase_Sector)
    W25QXX_Init                              0x08006399   Thumb Code    64  w25qxx.o(i.W25QXX_Init)
    W25QXX_Read                              0x080063e1   Thumb Code   100  w25qxx.o(i.W25QXX_Read)
    W25QXX_ReadID                            0x0800644d   Thumb Code    70  w25qxx.o(i.W25QXX_ReadID)
    W25QXX_ReadSR                            0x08006499   Thumb Code    78  w25qxx.o(i.W25QXX_ReadSR)
    W25QXX_Wait_Busy                         0x080064ed   Thumb Code    20  w25qxx.o(i.W25QXX_Wait_Busy)
    W25QXX_Write                             0x08006501   Thumb Code   180  w25qxx.o(i.W25QXX_Write)
    W25QXX_Write_Enable                      0x080065b9   Thumb Code    30  w25qxx.o(i.W25QXX_Write_Enable)
    W25QXX_Write_NoCheck                     0x080065dd   Thumb Code    70  w25qxx.o(i.W25QXX_Write_NoCheck)
    W25QXX_Write_Page                        0x08006625   Thumb Code   106  w25qxx.o(i.W25QXX_Write_Page)
    WriteFileTest                            0x08006699   Thumb Code   268  fatfs_test.o(i.WriteFileTest)
    __0printf$2                              0x080068a5   Thumb Code    22  printf2.o(i.__0printf$2)
    __1printf$2                              0x080068a5   Thumb Code     0  printf2.o(i.__0printf$2)
    __2printf                                0x080068a5   Thumb Code     0  printf2.o(i.__0printf$2)
    __0sprintf$2                             0x080068c5   Thumb Code    34  printf2.o(i.__0sprintf$2)
    __1sprintf$2                             0x080068c5   Thumb Code     0  printf2.o(i.__0sprintf$2)
    __2sprintf                               0x080068c5   Thumb Code     0  printf2.o(i.__0sprintf$2)
    __scatterload_copy                       0x08006925   Thumb Code    14  handlers.o(i.__scatterload_copy)
    __scatterload_null                       0x08006933   Thumb Code     2  handlers.o(i.__scatterload_null)
    __scatterload_zeroinit                   0x08006935   Thumb Code    14  handlers.o(i.__scatterload_zeroinit)
    clust2sect                               0x08006b09   Thumb Code    32  ff.o(i.clust2sect)
    disk_initialize                          0x080070d9   Thumb Code    40  diskio.o(i.disk_initialize)
    disk_ioctl                               0x08007105   Thumb Code    36  diskio.o(i.disk_ioctl)
    disk_read                                0x0800712d   Thumb Code    42  diskio.o(i.disk_read)
    disk_status                              0x0800715d   Thumb Code    24  diskio.o(i.disk_status)
    disk_write                               0x08007179   Thumb Code    42  diskio.o(i.disk_write)
    f_close                                  0x080071a9   Thumb Code    34  ff.o(i.f_close)
    f_mkfs                                   0x080071cd   Thumb Code  1580  ff.o(i.f_mkfs)
    f_mount                                  0x08007811   Thumb Code    90  ff.o(i.f_mount)
    f_open                                   0x08007871   Thumb Code   382  ff.o(i.f_open)
    f_read                                   0x080079ef   Thumb Code   516  ff.o(i.f_read)
    f_setlabel                               0x08007bf5   Thumb Code   402  ff.o(i.f_setlabel)
    f_sync                                   0x08007d99   Thumb Code   202  ff.o(i.f_sync)
    f_write                                  0x08007e63   Thumb Code   598  ff.o(i.f_write)
    fputc                                    0x08008529   Thumb Code    22  usart.o(i.fputc)
    get_fat                                  0x08008545   Thumb Code   238  ff.o(i.get_fat)
    get_fattime                              0x08008633   Thumb Code     4  fatfs.o(i.get_fattime)
    main                                     0x080086a5   Thumb Code   218  main.o(i.main)
    put_fat                                  0x080088f1   Thumb Code   326  ff.o(i.put_fat)
    STORAGE_Inquirydata_FS                   0x08008c56   Data          36  usbd_storage_if.o(.constdata)
    AHBPrescTable                            0x08008c7a   Data          16  system_stm32f1xx.o(.constdata)
    APBPrescTable                            0x08008c8a   Data           8  system_stm32f1xx.o(.constdata)
    MSC_Page00_Inquiry_Data                  0x08008cbe   Data           7  usbd_msc_data.o(.constdata)
    MSC_Mode_Sense6_data                     0x08008cc5   Data           8  usbd_msc_data.o(.constdata)
    MSC_Mode_Sense10_data                    0x08008ccd   Data           8  usbd_msc_data.o(.constdata)
    Region$$Table$$Base                      0x08008f98   Number         0  anon$$obj.o(Region$$Table)
    Region$$Table$$Limit                     0x08008fb8   Number         0  anon$$obj.o(Region$$Table)
    USER_Driver                              0x20000004   Data          20  user_diskio.o(.data)
    retUSER                                  0x20000018   Data           1  fatfs.o(.data)
    USERPath                                 0x20000019   Data           4  fatfs.o(.data)
    fs                                       0x20000020   Data           8  fatfs.o(.data)
    FS_Desc                                  0x20000028   Data          28  usbd_desc.o(.data)
    USBD_FS_DeviceDesc                       0x20000044   Data          18  usbd_desc.o(.data)
    USBD_LangIDDesc                          0x20000058   Data           4  usbd_desc.o(.data)
    USBD_StringSerial                        0x2000005c   Data          26  usbd_desc.o(.data)
    USBD_Storage_Interface_fops_FS           0x20000078   Data          32  usbd_storage_if.o(.data)
    uwTick                                   0x20000098   Data           4  stm32f1xx_hal.o(.data)
    uwTickPrio                               0x2000009c   Data           4  stm32f1xx_hal.o(.data)
    uwTickFreq                               0x200000a0   Data           1  stm32f1xx_hal.o(.data)
    SystemCoreClock                          0x200000a4   Data           4  system_stm32f1xx.o(.data)
    USBD_MSC                                 0x200000b4   Data          56  usbd_msc.o(.data)
    USBD_MSC_CfgHSDesc                       0x200000ec   Data          32  usbd_msc.o(.data)
    USBD_MSC_CfgFSDesc                       0x2000010c   Data          32  usbd_msc.o(.data)
    USBD_MSC_OtherSpeedCfgDesc               0x2000012c   Data          32  usbd_msc.o(.data)
    USBD_MSC_DeviceQualifierDesc             0x2000014c   Data          10  usbd_msc.o(.data)
    W25QXX_TYPE                              0x20000156   Data           2  w25qxx.o(.data)
    p_FR_Table                               0x20000158   Data          80  fatfs_test.o(.data)
    __stdout                                 0x200001a8   Data           4  stdout.o(.data)
    hrtc                                     0x200001ac   Data          20  rtc.o(.bss)
    hspi1                                    0x200001c0   Data          88  spi.o(.bss)
    htim2                                    0x20000218   Data          64  tim.o(.bss)
    htim3                                    0x20000258   Data          64  tim.o(.bss)
    huart1                                   0x20000298   Data          64  usart.o(.bss)
    hUsbDeviceFS                             0x200002d8   Data         708  usb_device.o(.bss)
    hpcd_USB_FS                              0x2000059c   Data         620  usbd_conf.o(.bss)
    USBD_StrDesc                             0x20000a78   Data         512  usbd_desc.o(.bss)
    disk                                     0x20000c78   Data          16  ff_gen_drv.o(.bss)
    W25QXX_BUFFER                            0x20000c88   Data        4096  w25qxx.o(.bss)
    __initial_sp                             0x20002c88   Data           0  startup_stm32f103xe.o(STACK)



==============================================================================

Memory Map of the image

  Image Entry point : 0x08000131

  Load Region LR_IROM1 (Base: 0x08000000, Size: 0x00009164, Max: 0x00040000, ABSOLUTE, COMPRESSED[0x000090b4])

    Execution Region ER_IROM1 (Exec base: 0x08000000, Load base: 0x08000000, Size: 0x00008fb8, Max: 0x00040000, ABSOLUTE)

    Exec Addr    Load Addr    Size         Type   Attr      Idx    E Section Name        Object

    0x08000000   0x08000000   0x00000130   Data   RO            3    RESET               startup_stm32f103xe.o
    0x08000130   0x08000130   0x00000000   Code   RO         5821  * .ARM.Collect$$$$00000000  mc_w.l(entry.o)
    0x08000130   0x08000130   0x00000004   Code   RO         6093    .ARM.Collect$$$$00000001  mc_w.l(entry2.o)
    0x08000134   0x08000134   0x00000004   Code   RO         6096    .ARM.Collect$$$$00000004  mc_w.l(entry5.o)
    0x08000138   0x08000138   0x00000000   Code   RO         6098    .ARM.Collect$$$$00000008  mc_w.l(entry7b.o)
    0x08000138   0x08000138   0x00000000   Code   RO         6100    .ARM.Collect$$$$0000000A  mc_w.l(entry8b.o)
    0x08000138   0x08000138   0x00000008   Code   RO         6101    .ARM.Collect$$$$0000000B  mc_w.l(entry9a.o)
    0x08000140   0x08000140   0x00000000   Code   RO         6103    .ARM.Collect$$$$0000000D  mc_w.l(entry10a.o)
    0x08000140   0x08000140   0x00000000   Code   RO         6105    .ARM.Collect$$$$0000000F  mc_w.l(entry11a.o)
    0x08000140   0x08000140   0x00000004   Code   RO         6094    .ARM.Collect$$$$00002712  mc_w.l(entry2.o)
    0x08000144   0x08000144   0x00000024   Code   RO            4    .text               startup_stm32f103xe.o
    0x08000168   0x08000168   0x00000024   Code   RO         5826    .text               mc_w.l(memcpya.o)
    0x0800018c   0x0800018c   0x00000024   Code   RO         5828    .text               mc_w.l(memseta.o)
    0x080001b0   0x080001b0   0x00000024   Code   RO         6123    .text               mc_w.l(init.o)
    0x080001d4   0x080001d4   0x00000056   Code   RO         6139    .text               mc_w.l(__dczerorl2.o)
    0x0800022a   0x0800022a   0x00000004   Code   RO         1114    i.BusFault_Handler  stm32f1xx_it.o
    0x0800022e   0x0800022e   0x00000002   Code   RO         1115    i.DebugMon_Handler  stm32f1xx_it.o
    0x08000230   0x08000230   0x00000002   Code   RO           13    i.Error_Handler     main.o
    0x08000232   0x08000232   0x00000012   Code   RO         5018    i.FATFS_LinkDriver  ff_gen_drv.o
    0x08000244   0x08000244   0x00000054   Code   RO         5019    i.FATFS_LinkDriverEx  ff_gen_drv.o
    0x08000298   0x08000298   0x00000034   Code   RO          963    i.Get_SerialNum     usbd_desc.o
    0x080002cc   0x080002cc   0x000001a8   Code   RO         2108    i.HAL_DMA_Abort_IT  stm32f1xx_hal_dma.o
    0x08000474   0x08000474   0x00000028   Code   RO         1730    i.HAL_Delay         stm32f1xx_hal.o
    0x0800049c   0x0800049c   0x00000340   Code   RO         2043    i.HAL_GPIO_Init     stm32f1xx_hal_gpio.o
    0x080007dc   0x080007dc   0x0000000e   Code   RO         2046    i.HAL_GPIO_TogglePin  stm32f1xx_hal_gpio.o
    0x080007ea   0x080007ea   0x0000000c   Code   RO         2047    i.HAL_GPIO_WritePin  stm32f1xx_hal_gpio.o
    0x080007f6   0x080007f6   0x00000002   PAD
    0x080007f8   0x080007f8   0x0000000c   Code   RO         1734    i.HAL_GetTick       stm32f1xx_hal.o
    0x08000804   0x08000804   0x00000018   Code   RO         1740    i.HAL_IncTick       stm32f1xx_hal.o
    0x0800081c   0x0800081c   0x00000028   Code   RO         1741    i.HAL_Init          stm32f1xx_hal.o
    0x08000844   0x08000844   0x0000004c   Code   RO         1742    i.HAL_InitTick      stm32f1xx_hal.o
    0x08000890   0x08000890   0x00000054   Code   RO         1208    i.HAL_MspInit       stm32f1xx_hal_msp.o
    0x080008e4   0x080008e4   0x00000020   Code   RO         2203    i.HAL_NVIC_EnableIRQ  stm32f1xx_hal_cortex.o
    0x08000904   0x08000904   0x0000007c   Code   RO         2209    i.HAL_NVIC_SetPriority  stm32f1xx_hal_cortex.o
    0x08000980   0x08000980   0x00000028   Code   RO         2210    i.HAL_NVIC_SetPriorityGrouping  stm32f1xx_hal_cortex.o
    0x080009a8   0x080009a8   0x0000003c   Code   RO         1485    i.HAL_PCDEx_PMAConfig  stm32f1xx_hal_pcd_ex.o
    0x080009e4   0x080009e4   0x00000002   Code   RO          751    i.HAL_PCDEx_SetConnectionState  usbd_conf.o
    0x080009e6   0x080009e6   0x0000001c   Code   RO          753    i.HAL_PCD_DataInStageCallback  usbd_conf.o
    0x08000a02   0x08000a02   0x0000001c   Code   RO          754    i.HAL_PCD_DataOutStageCallback  usbd_conf.o
    0x08000a1e   0x08000a1e   0x00000062   Code   RO         1277    i.HAL_PCD_EP_Close  stm32f1xx_hal_pcd.o
    0x08000a80   0x08000a80   0x00000074   Code   RO         1278    i.HAL_PCD_EP_ClrStall  stm32f1xx_hal_pcd.o
    0x08000af4   0x08000af4   0x00000044   Code   RO         1279    i.HAL_PCD_EP_Flush  stm32f1xx_hal_pcd.o
    0x08000b38   0x08000b38   0x00000012   Code   RO         1280    i.HAL_PCD_EP_GetRxCount  stm32f1xx_hal_pcd.o
    0x08000b4a   0x08000b4a   0x00000084   Code   RO         1281    i.HAL_PCD_EP_Open   stm32f1xx_hal_pcd.o
    0x08000bce   0x08000bce   0x00000048   Code   RO         1282    i.HAL_PCD_EP_Receive  stm32f1xx_hal_pcd.o
    0x08000c16   0x08000c16   0x00000080   Code   RO         1283    i.HAL_PCD_EP_SetStall  stm32f1xx_hal_pcd.o
    0x08000c96   0x08000c96   0x0000004a   Code   RO         1284    i.HAL_PCD_EP_Transmit  stm32f1xx_hal_pcd.o
    0x08000ce0   0x08000ce0   0x00000180   Code   RO         1286    i.HAL_PCD_IRQHandler  stm32f1xx_hal_pcd.o
    0x08000e60   0x08000e60   0x0000012e   Code   RO         1289    i.HAL_PCD_Init      stm32f1xx_hal_pcd.o
    0x08000f8e   0x08000f8e   0x00000002   PAD
    0x08000f90   0x08000f90   0x00000044   Code   RO          759    i.HAL_PCD_MspInit   usbd_conf.o
    0x08000fd4   0x08000fd4   0x00000024   Code   RO          760    i.HAL_PCD_ResetCallback  usbd_conf.o
    0x08000ff8   0x08000ff8   0x0000000e   Code   RO          761    i.HAL_PCD_ResumeCallback  usbd_conf.o
    0x08001006   0x08001006   0x0000000e   Code   RO          762    i.HAL_PCD_SOFCallback  usbd_conf.o
    0x08001014   0x08001014   0x00000036   Code   RO         1295    i.HAL_PCD_SetAddress  stm32f1xx_hal_pcd.o
    0x0800104a   0x0800104a   0x00000012   Code   RO          763    i.HAL_PCD_SetupStageCallback  usbd_conf.o
    0x0800105c   0x0800105c   0x0000003c   Code   RO         1297    i.HAL_PCD_Start     stm32f1xx_hal_pcd.o
    0x08001098   0x08001098   0x00000024   Code   RO          764    i.HAL_PCD_SuspendCallback  usbd_conf.o
    0x080010bc   0x080010bc   0x0000000c   Code   RO         2330    i.HAL_PWR_EnableBkUpAccess  stm32f1xx_hal_pwr.o
    0x080010c8   0x080010c8   0x00000134   Code   RO         2005    i.HAL_RCCEx_GetPeriphCLKFreq  stm32f1xx_hal_rcc_ex.o
    0x080011fc   0x080011fc   0x00000130   Code   RO         2006    i.HAL_RCCEx_PeriphCLKConfig  stm32f1xx_hal_rcc_ex.o
    0x0800132c   0x0800132c   0x0000018c   Code   RO         1898    i.HAL_RCC_ClockConfig  stm32f1xx_hal_rcc.o
    0x080014b8   0x080014b8   0x0000000c   Code   RO         1903    i.HAL_RCC_GetHCLKFreq  stm32f1xx_hal_rcc.o
    0x080014c4   0x080014c4   0x00000020   Code   RO         1905    i.HAL_RCC_GetPCLK1Freq  stm32f1xx_hal_rcc.o
    0x080014e4   0x080014e4   0x00000020   Code   RO         1906    i.HAL_RCC_GetPCLK2Freq  stm32f1xx_hal_rcc.o
    0x08001504   0x08001504   0x00000094   Code   RO         1907    i.HAL_RCC_GetSysClockFreq  stm32f1xx_hal_rcc.o
    0x08001598   0x08001598   0x00000464   Code   RO         1910    i.HAL_RCC_OscConfig  stm32f1xx_hal_rcc.o
    0x080019fc   0x080019fc   0x000000d0   Code   RO         2737    i.HAL_RTC_Init      stm32f1xx_hal_rtc.o
    0x08001acc   0x08001acc   0x00000040   Code   RO          472    i.HAL_RTC_MspInit   rtc.o
    0x08001b0c   0x08001b0c   0x000000f8   Code   RO         2743    i.HAL_RTC_SetDate   stm32f1xx_hal_rtc.o
    0x08001c04   0x08001c04   0x000000dc   Code   RO         2744    i.HAL_RTC_SetTime   stm32f1xx_hal_rtc.o
    0x08001ce0   0x08001ce0   0x00000040   Code   RO         2745    i.HAL_RTC_WaitForSynchro  stm32f1xx_hal_rtc.o
    0x08001d20   0x08001d20   0x00000088   Code   RO         3017    i.HAL_SPI_Init      stm32f1xx_hal_spi.o
    0x08001da8   0x08001da8   0x00000084   Code   RO          514    i.HAL_SPI_MspInit   spi.o
    0x08001e2c   0x08001e2c   0x0000022a   Code   RO         3026    i.HAL_SPI_TransmitReceive  stm32f1xx_hal_spi.o
    0x08002056   0x08002056   0x00000034   Code   RO         2214    i.HAL_SYSTICK_Config  stm32f1xx_hal_cortex.o
    0x0800208a   0x0800208a   0x00000002   Code   RO         4016    i.HAL_TIMEx_BreakCallback  stm32f1xx_hal_tim_ex.o
    0x0800208c   0x0800208c   0x00000002   Code   RO         4017    i.HAL_TIMEx_CommutCallback  stm32f1xx_hal_tim_ex.o
    0x0800208e   0x0800208e   0x00000054   Code   RO         4034    i.HAL_TIMEx_MasterConfigSynchronization  stm32f1xx_hal_tim_ex.o
    0x080020e2   0x080020e2   0x00000034   Code   RO         3330    i.HAL_TIM_Base_Init  stm32f1xx_hal_tim.o
    0x08002116   0x08002116   0x00000002   PAD
    0x08002118   0x08002118   0x00000068   Code   RO          592    i.HAL_TIM_Base_MspInit  tim.o
    0x08002180   0x08002180   0x00000108   Code   RO         3339    i.HAL_TIM_ConfigClockSource  stm32f1xx_hal_tim.o
    0x08002288   0x08002288   0x00000002   Code   RO         3359    i.HAL_TIM_IC_CaptureCallback  stm32f1xx_hal_tim.o
    0x0800228a   0x0800228a   0x00000196   Code   RO         3373    i.HAL_TIM_IRQHandler  stm32f1xx_hal_tim.o
    0x08002420   0x08002420   0x00000002   Code   RO         3376    i.HAL_TIM_OC_DelayElapsedCallback  stm32f1xx_hal_tim.o
    0x08002422   0x08002422   0x00000002   Code   RO         3403    i.HAL_TIM_PWM_PulseFinishedCallback  stm32f1xx_hal_tim.o
    0x08002424   0x08002424   0x00000002   Code   RO         3411    i.HAL_TIM_PeriodElapsedCallback  stm32f1xx_hal_tim.o
    0x08002426   0x08002426   0x00000002   Code   RO         3416    i.HAL_TIM_TriggerCallback  stm32f1xx_hal_tim.o
    0x08002428   0x08002428   0x00000002   Code   RO         4288    i.HAL_UART_ErrorCallback  stm32f1xx_hal_uart.o
    0x0800242a   0x0800242a   0x00000002   PAD
    0x0800242c   0x0800242c   0x0000014c   Code   RO         4291    i.HAL_UART_IRQHandler  stm32f1xx_hal_uart.o
    0x08002578   0x08002578   0x00000072   Code   RO         4292    i.HAL_UART_Init     stm32f1xx_hal_uart.o
    0x080025ea   0x080025ea   0x00000002   PAD
    0x080025ec   0x080025ec   0x00000098   Code   RO          640    i.HAL_UART_MspInit  usart.o
    0x08002684   0x08002684   0x00000002   Code   RO         4298    i.HAL_UART_RxCpltCallback  stm32f1xx_hal_uart.o
    0x08002686   0x08002686   0x000000d6   Code   RO         4300    i.HAL_UART_Transmit  stm32f1xx_hal_uart.o
    0x0800275c   0x0800275c   0x00000002   Code   RO         4303    i.HAL_UART_TxCpltCallback  stm32f1xx_hal_uart.o
    0x0800275e   0x0800275e   0x00000004   Code   RO         1116    i.HardFault_Handler  stm32f1xx_it.o
    0x08002762   0x08002762   0x0000003e   Code   RO          964    i.IntToUnicode      usbd_desc.o
    0x080027a0   0x080027a0   0x00000042   Code   RO         5475    i.MSC_BOT_Abort     usbd_msc_bot.o
    0x080027e2   0x080027e2   0x00000002   PAD
    0x080027e4   0x080027e4   0x000000dc   Code   RO         5476    i.MSC_BOT_CBW_Decode  usbd_msc_bot.o
    0x080028c0   0x080028c0   0x0000003c   Code   RO         5477    i.MSC_BOT_CplClrFeature  usbd_msc_bot.o
    0x080028fc   0x080028fc   0x0000004a   Code   RO         5478    i.MSC_BOT_DataIn    usbd_msc_bot.o
    0x08002946   0x08002946   0x00000040   Code   RO         5479    i.MSC_BOT_DataOut   usbd_msc_bot.o
    0x08002986   0x08002986   0x0000000a   Code   RO         5480    i.MSC_BOT_DeInit    usbd_msc_bot.o
    0x08002990   0x08002990   0x00000040   Code   RO         5481    i.MSC_BOT_Init      usbd_msc_bot.o
    0x080029d0   0x080029d0   0x00000020   Code   RO         5482    i.MSC_BOT_Reset     usbd_msc_bot.o
    0x080029f0   0x080029f0   0x0000003c   Code   RO         5483    i.MSC_BOT_SendCSW   usbd_msc_bot.o
    0x08002a2c   0x08002a2c   0x0000004e   Code   RO         5484    i.MSC_BOT_SendData  usbd_msc_bot.o
    0x08002a7a   0x08002a7a   0x00000002   PAD
    0x08002a7c   0x08002a7c   0x0000001c   Code   RO          430    i.MX_FATFS_Init     fatfs.o
    0x08002a98   0x08002a98   0x000000c8   Code   RO          224    i.MX_GPIO_Init      gpio.o
    0x08002b60   0x08002b60   0x00000078   Code   RO          473    i.MX_RTC_Init       rtc.o
    0x08002bd8   0x08002bd8   0x00000048   Code   RO          515    i.MX_SPI1_Init      spi.o
    0x08002c20   0x08002c20   0x0000006c   Code   RO          593    i.MX_TIM2_Init      tim.o
    0x08002c8c   0x08002c8c   0x0000006c   Code   RO          594    i.MX_TIM3_Init      tim.o
    0x08002cf8   0x08002cf8   0x00000038   Code   RO          641    i.MX_USART1_UART_Init  usart.o
    0x08002d30   0x08002d30   0x0000004c   Code   RO          687    i.MX_USB_DEVICE_Init  usb_device.o
    0x08002d7c   0x08002d7c   0x00000004   Code   RO         1117    i.MemManage_Handler  stm32f1xx_it.o
    0x08002d80   0x08002d80   0x00000002   Code   RO         1118    i.NMI_Handler       stm32f1xx_it.o
    0x08002d82   0x08002d82   0x00000398   Code   RO         1300    i.PCD_EP_ISR_Handler  stm32f1xx_hal_pcd.o
    0x0800311a   0x0800311a   0x00000002   Code   RO         1119    i.PendSV_Handler    stm32f1xx_it.o
    0x0800311c   0x0800311c   0x00000028   Code   RO         1911    i.RCC_Delay         stm32f1xx_hal_rcc.o
    0x08003144   0x08003144   0x00000016   Code   RO         2746    i.RTC_Bcd2ToByte    stm32f1xx_hal_rtc.o
    0x0800315a   0x0800315a   0x0000003a   Code   RO         2749    i.RTC_EnterInitMode  stm32f1xx_hal_rtc.o
    0x08003194   0x08003194   0x0000003a   Code   RO         2750    i.RTC_ExitInitMode  stm32f1xx_hal_rtc.o
    0x080031ce   0x080031ce   0x00000018   Code   RO         2752    i.RTC_ReadAlarmCounter  stm32f1xx_hal_rtc.o
    0x080031e6   0x080031e6   0x00000034   Code   RO         2753    i.RTC_ReadTimeCounter  stm32f1xx_hal_rtc.o
    0x0800321a   0x0800321a   0x00000084   Code   RO         2754    i.RTC_WeekDayNum    stm32f1xx_hal_rtc.o
    0x0800329e   0x0800329e   0x0000002e   Code   RO         2755    i.RTC_WriteAlarmCounter  stm32f1xx_hal_rtc.o
    0x080032cc   0x080032cc   0x0000002e   Code   RO         2756    i.RTC_WriteTimeCounter  stm32f1xx_hal_rtc.o
    0x080032fa   0x080032fa   0x00000032   Code   RO         5574    i.SCSI_CheckAddressRange  usbd_msc_scsi.o
    0x0800332c   0x0800332c   0x00000064   Code   RO         5575    i.SCSI_Inquiry      usbd_msc_scsi.o
    0x08003390   0x08003390   0x0000002c   Code   RO         5576    i.SCSI_ModeSense10  usbd_msc_scsi.o
    0x080033bc   0x080033bc   0x0000002c   Code   RO         5577    i.SCSI_ModeSense6   usbd_msc_scsi.o
    0x080033e8   0x080033e8   0x000000ee   Code   RO         5578    i.SCSI_ProcessCmd   usbd_msc_scsi.o
    0x080034d6   0x080034d6   0x000000b0   Code   RO         5579    i.SCSI_ProcessRead  usbd_msc_scsi.o
    0x08003586   0x08003586   0x000000d8   Code   RO         5580    i.SCSI_ProcessWrite  usbd_msc_scsi.o
    0x0800365e   0x0800365e   0x000000d2   Code   RO         5581    i.SCSI_Read10       usbd_msc_scsi.o
    0x08003730   0x08003730   0x00000080   Code   RO         5582    i.SCSI_ReadCapacity10  usbd_msc_scsi.o
    0x080037b0   0x080037b0   0x0000008a   Code   RO         5583    i.SCSI_ReadFormatCapacity  usbd_msc_scsi.o
    0x0800383a   0x0800383a   0x00000086   Code   RO         5584    i.SCSI_RequestSense  usbd_msc_scsi.o
    0x080038c0   0x080038c0   0x00000040   Code   RO         5585    i.SCSI_SenseCode    usbd_msc_scsi.o
    0x08003900   0x08003900   0x00000010   Code   RO         5586    i.SCSI_StartStopUnit  usbd_msc_scsi.o
    0x08003910   0x08003910   0x00000056   Code   RO         5587    i.SCSI_TestUnitReady  usbd_msc_scsi.o
    0x08003966   0x08003966   0x0000004c   Code   RO         5588    i.SCSI_Verify10     usbd_msc_scsi.o
    0x080039b2   0x080039b2   0x00000112   Code   RO         5589    i.SCSI_Write10      usbd_msc_scsi.o
    0x08003ac4   0x08003ac4   0x00000020   Code   RO          516    i.SPI5_ReadWriteByte  spi.o
    0x08003ae4   0x08003ae4   0x00000028   Code   RO         3055    i.SPI_EndRxTxTransaction  stm32f1xx_hal_spi.o
    0x08003b0c   0x08003b0c   0x000000a8   Code   RO         3060    i.SPI_WaitFlagStateUntilTimeout  stm32f1xx_hal_spi.o
    0x08003bb4   0x08003bb4   0x00000010   Code   RO         1053    i.STORAGE_GetCapacity_FS  usbd_storage_if.o
    0x08003bc4   0x08003bc4   0x00000004   Code   RO         1054    i.STORAGE_GetMaxLun_FS  usbd_storage_if.o
    0x08003bc8   0x08003bc8   0x00000006   Code   RO         1055    i.STORAGE_Init_FS   usbd_storage_if.o
    0x08003bce   0x08003bce   0x00000006   Code   RO         1056    i.STORAGE_IsReady_FS  usbd_storage_if.o
    0x08003bd4   0x08003bd4   0x00000006   Code   RO         1057    i.STORAGE_IsWriteProtected_FS  usbd_storage_if.o
    0x08003bda   0x08003bda   0x00000008   Code   RO         1058    i.STORAGE_Read_FS   usbd_storage_if.o
    0x08003be2   0x08003be2   0x00000008   Code   RO         1059    i.STORAGE_Write_FS  usbd_storage_if.o
    0x08003bea   0x08003bea   0x00000002   Code   RO         1120    i.SVC_Handler       stm32f1xx_it.o
    0x08003bec   0x08003bec   0x00000008   Code   RO         1121    i.SysTick_Handler   stm32f1xx_it.o
    0x08003bf4   0x08003bf4   0x0000008a   Code   RO           14    i.SystemClock_Config  main.o
    0x08003c7e   0x08003c7e   0x00000002   PAD
    0x08003c80   0x08003c80   0x00000058   Code   RO         4599    i.SystemInit        system_stm32f1xx.o
    0x08003cd8   0x08003cd8   0x00000010   Code   RO         1122    i.TIM2_IRQHandler   stm32f1xx_it.o
    0x08003ce8   0x08003ce8   0x0000009c   Code   RO         3418    i.TIM_Base_SetConfig  stm32f1xx_hal_tim.o
    0x08003d84   0x08003d84   0x00000016   Code   RO         3429    i.TIM_ETR_SetConfig  stm32f1xx_hal_tim.o
    0x08003d9a   0x08003d9a   0x00000012   Code   RO         3430    i.TIM_ITRx_SetConfig  stm32f1xx_hal_tim.o
    0x08003dac   0x08003dac   0x00000026   Code   RO         3436    i.TIM_TI1_ConfigInputStage  stm32f1xx_hal_tim.o
    0x08003dd2   0x08003dd2   0x00000028   Code   RO         3438    i.TIM_TI2_ConfigInputStage  stm32f1xx_hal_tim.o
    0x08003dfa   0x08003dfa   0x00000014   Code   RO         4305    i.UART_DMAAbortOnError  stm32f1xx_hal_uart.o
    0x08003e0e   0x08003e0e   0x00000020   Code   RO         4315    i.UART_EndRxTransfer  stm32f1xx_hal_uart.o
    0x08003e2e   0x08003e2e   0x00000020   Code   RO         4316    i.UART_EndTransmit_IT  stm32f1xx_hal_uart.o
    0x08003e4e   0x08003e4e   0x000000a6   Code   RO         4318    i.UART_Receive_IT   stm32f1xx_hal_uart.o
    0x08003ef4   0x08003ef4   0x000001a0   Code   RO         4319    i.UART_SetConfig    stm32f1xx_hal_uart.o
    0x08004094   0x08004094   0x00000068   Code   RO         4320    i.UART_Transmit_IT  stm32f1xx_hal_uart.o
    0x080040fc   0x080040fc   0x0000006c   Code   RO         4321    i.UART_WaitOnFlagUntilTimeout  stm32f1xx_hal_uart.o
    0x08004168   0x08004168   0x00000010   Code   RO         1123    i.USART1_IRQHandler  stm32f1xx_it.o
    0x08004178   0x08004178   0x00000016   Code   RO         5098    i.USBD_ClrClassConfig  usbd_core.o
    0x0800418e   0x0800418e   0x0000003e   Code   RO         5236    i.USBD_ClrFeature   usbd_ctlreq.o
    0x080041cc   0x080041cc   0x00000018   Code   RO         5331    i.USBD_CtlContinueRx  usbd_ioreq.o
    0x080041e4   0x080041e4   0x00000018   Code   RO         5332    i.USBD_CtlContinueSendData  usbd_ioreq.o
    0x080041fc   0x080041fc   0x00000018   Code   RO         5237    i.USBD_CtlError     usbd_ctlreq.o
    0x08004214   0x08004214   0x0000001a   Code   RO         5334    i.USBD_CtlReceiveStatus  usbd_ioreq.o
    0x0800422e   0x0800422e   0x00000022   Code   RO         5335    i.USBD_CtlSendData  usbd_ioreq.o
    0x08004250   0x08004250   0x0000001a   Code   RO         5336    i.USBD_CtlSendStatus  usbd_ioreq.o
    0x0800426a   0x0800426a   0x00000002   PAD
    0x0800426c   0x0800426c   0x00000034   Code   RO          965    i.USBD_FS_ConfigStrDescriptor  usbd_desc.o
    0x080042a0   0x080042a0   0x00000010   Code   RO          966    i.USBD_FS_DeviceDescriptor  usbd_desc.o
    0x080042b0   0x080042b0   0x00000038   Code   RO          967    i.USBD_FS_InterfaceStrDescriptor  usbd_desc.o
    0x080042e8   0x080042e8   0x00000010   Code   RO          968    i.USBD_FS_LangIDStrDescriptor  usbd_desc.o
    0x080042f8   0x080042f8   0x0000002c   Code   RO          969    i.USBD_FS_ManufacturerStrDescriptor  usbd_desc.o
    0x08004324   0x08004324   0x00000040   Code   RO          970    i.USBD_FS_ProductStrDescriptor  usbd_desc.o
    0x08004364   0x08004364   0x00000018   Code   RO          971    i.USBD_FS_SerialStrDescriptor  usbd_desc.o
    0x0800437c   0x0800437c   0x00000056   Code   RO         5238    i.USBD_GetConfig    usbd_ctlreq.o
    0x080043d2   0x080043d2   0x000001f4   Code   RO         5239    i.USBD_GetDescriptor  usbd_ctlreq.o
    0x080045c6   0x080045c6   0x00000014   Code   RO         5240    i.USBD_GetLen       usbd_ctlreq.o
    0x080045da   0x080045da   0x0000005a   Code   RO         5241    i.USBD_GetStatus    usbd_ctlreq.o
    0x08004634   0x08004634   0x00000052   Code   RO         5242    i.USBD_GetString    usbd_ctlreq.o
    0x08004686   0x08004686   0x0000002c   Code   RO          765    i.USBD_Get_USB_Status  usbd_conf.o
    0x080046b2   0x080046b2   0x00000002   PAD
    0x080046b4   0x080046b4   0x00000068   Code   RO         5100    i.USBD_Init         usbd_core.o
    0x0800471c   0x0800471c   0x00000026   Code   RO          766    i.USBD_LL_ClearStallEP  usbd_conf.o
    0x08004742   0x08004742   0x00000026   Code   RO          767    i.USBD_LL_CloseEP   usbd_conf.o
    0x08004768   0x08004768   0x00000100   Code   RO         5101    i.USBD_LL_DataInStage  usbd_core.o
    0x08004868   0x08004868   0x000000a6   Code   RO         5102    i.USBD_LL_DataOutStage  usbd_core.o
    0x0800490e   0x0800490e   0x00000026   Code   RO          770    i.USBD_LL_FlushEP   usbd_conf.o
    0x08004934   0x08004934   0x00000012   Code   RO          771    i.USBD_LL_GetRxDataSize  usbd_conf.o
    0x08004946   0x08004946   0x00000002   PAD
    0x08004948   0x08004948   0x00000074   Code   RO          772    i.USBD_LL_Init      usbd_conf.o
    0x080049bc   0x080049bc   0x00000030   Code   RO          773    i.USBD_LL_IsStallEP  usbd_conf.o
    0x080049ec   0x080049ec   0x00000030   Code   RO          774    i.USBD_LL_OpenEP    usbd_conf.o
    0x08004a1c   0x08004a1c   0x00000030   Code   RO          775    i.USBD_LL_PrepareReceive  usbd_conf.o
    0x08004a4c   0x08004a4c   0x0000005c   Code   RO         5107    i.USBD_LL_Reset     usbd_core.o
    0x08004aa8   0x08004aa8   0x00000016   Code   RO         5108    i.USBD_LL_Resume    usbd_core.o
    0x08004abe   0x08004abe   0x00000022   Code   RO         5109    i.USBD_LL_SOF       usbd_core.o
    0x08004ae0   0x08004ae0   0x00000008   Code   RO         5110    i.USBD_LL_SetSpeed  usbd_core.o
    0x08004ae8   0x08004ae8   0x00000026   Code   RO          776    i.USBD_LL_SetUSBAddress  usbd_conf.o
    0x08004b0e   0x08004b0e   0x0000006e   Code   RO         5111    i.USBD_LL_SetupStage  usbd_core.o
    0x08004b7c   0x08004b7c   0x00000026   Code   RO          777    i.USBD_LL_StallEP   usbd_conf.o
    0x08004ba2   0x08004ba2   0x0000001e   Code   RO          778    i.USBD_LL_Start     usbd_conf.o
    0x08004bc0   0x08004bc0   0x00000014   Code   RO         5112    i.USBD_LL_Suspend   usbd_core.o
    0x08004bd4   0x08004bd4   0x00000030   Code   RO          780    i.USBD_LL_Transmit  usbd_conf.o
    0x08004c04   0x08004c04   0x00000012   Code   RO         5391    i.USBD_MSC_DataIn   usbd_msc.o
    0x08004c16   0x08004c16   0x00000012   Code   RO         5392    i.USBD_MSC_DataOut  usbd_msc.o
    0x08004c28   0x08004c28   0x0000003e   Code   RO         5393    i.USBD_MSC_DeInit   usbd_msc.o
    0x08004c66   0x08004c66   0x00000002   PAD
    0x08004c68   0x08004c68   0x00000010   Code   RO         5394    i.USBD_MSC_GetDeviceQualifierDescriptor  usbd_msc.o
    0x08004c78   0x08004c78   0x00000010   Code   RO         5395    i.USBD_MSC_GetFSCfgDesc  usbd_msc.o
    0x08004c88   0x08004c88   0x00000010   Code   RO         5396    i.USBD_MSC_GetHSCfgDesc  usbd_msc.o
    0x08004c98   0x08004c98   0x00000010   Code   RO         5397    i.USBD_MSC_GetOtherSpeedCfgDesc  usbd_msc.o
    0x08004ca8   0x08004ca8   0x00000072   Code   RO         5398    i.USBD_MSC_Init     usbd_msc.o
    0x08004d1a   0x08004d1a   0x0000000c   Code   RO         5399    i.USBD_MSC_RegisterStorage  usbd_msc.o
    0x08004d26   0x08004d26   0x000001c4   Code   RO         5400    i.USBD_MSC_Setup    usbd_msc.o
    0x08004eea   0x08004eea   0x00000028   Code   RO         5243    i.USBD_ParseSetupRequest  usbd_ctlreq.o
    0x08004f12   0x08004f12   0x00000002   PAD
    0x08004f14   0x08004f14   0x0000004c   Code   RO         5113    i.USBD_RegisterClass  usbd_core.o
    0x08004f60   0x08004f60   0x00000006   Code   RO         5114    i.USBD_RunTestMode  usbd_core.o
    0x08004f66   0x08004f66   0x0000005a   Code   RO         5244    i.USBD_SetAddress   usbd_ctlreq.o
    0x08004fc0   0x08004fc0   0x00000022   Code   RO         5115    i.USBD_SetClassConfig  usbd_core.o
    0x08004fe2   0x08004fe2   0x00000002   PAD
    0x08004fe4   0x08004fe4   0x000000e8   Code   RO         5245    i.USBD_SetConfig    usbd_ctlreq.o
    0x080050cc   0x080050cc   0x00000018   Code   RO         5246    i.USBD_SetFeature   usbd_ctlreq.o
    0x080050e4   0x080050e4   0x0000000e   Code   RO         5116    i.USBD_Start        usbd_core.o
    0x080050f2   0x080050f2   0x000000a2   Code   RO         5247    i.USBD_StdDevReq    usbd_ctlreq.o
    0x08005194   0x08005194   0x00000238   Code   RO         5248    i.USBD_StdEPReq     usbd_ctlreq.o
    0x080053cc   0x080053cc   0x0000007e   Code   RO         5249    i.USBD_StdItfReq    usbd_ctlreq.o
    0x0800544a   0x0800544a   0x00000002   Code   RO          781    i.USBD_static_free  usbd_conf.o
    0x0800544c   0x0800544c   0x0000000c   Code   RO          782    i.USBD_static_malloc  usbd_conf.o
    0x08005458   0x08005458   0x00000496   Code   RO         1525    i.USB_ActivateEndpoint  stm32f1xx_ll_usb.o
    0x080058ee   0x080058ee   0x00000008   Code   RO         1528    i.USB_CoreInit      stm32f1xx_ll_usb.o
    0x080058f6   0x080058f6   0x0000027c   Code   RO         1530    i.USB_DeactivateEndpoint  stm32f1xx_ll_usb.o
    0x08005b72   0x08005b72   0x00000006   Code   RO         1531    i.USB_DevConnect    stm32f1xx_ll_usb.o
    0x08005b78   0x08005b78   0x00000006   Code   RO         1532    i.USB_DevDisconnect  stm32f1xx_ll_usb.o
    0x08005b7e   0x08005b7e   0x0000001e   Code   RO         1533    i.USB_DevInit       stm32f1xx_ll_usb.o
    0x08005b9c   0x08005b9c   0x00000014   Code   RO         1534    i.USB_DisableGlobalInt  stm32f1xx_ll_usb.o
    0x08005bb0   0x08005bb0   0x00000006   Code   RO         1535    i.USB_EP0_OutStart  stm32f1xx_ll_usb.o
    0x08005bb6   0x08005bb6   0x000000da   Code   RO         1536    i.USB_EPClearStall  stm32f1xx_ll_usb.o
    0x08005c90   0x08005c90   0x0000005c   Code   RO         1537    i.USB_EPSetStall    stm32f1xx_ll_usb.o
    0x08005cec   0x08005cec   0x00000454   Code   RO         1538    i.USB_EPStartXfer   stm32f1xx_ll_usb.o
    0x08006140   0x08006140   0x00000014   Code   RO         1539    i.USB_EnableGlobalInt  stm32f1xx_ll_usb.o
    0x08006154   0x08006154   0x00000006   Code   RO         1540    i.USB_FlushRxFifo   stm32f1xx_ll_usb.o
    0x0800615a   0x0800615a   0x00000006   Code   RO         1541    i.USB_FlushTxFifo   stm32f1xx_ll_usb.o
    0x08006160   0x08006160   0x00000010   Code   RO         1124    i.USB_LP_CAN1_RX0_IRQHandler  stm32f1xx_it.o
    0x08006170   0x08006170   0x00000008   Code   RO         1546    i.USB_ReadInterrupts  stm32f1xx_ll_usb.o
    0x08006178   0x08006178   0x0000004a   Code   RO         1547    i.USB_ReadPMA       stm32f1xx_ll_usb.o
    0x080061c2   0x080061c2   0x00000006   Code   RO         1549    i.USB_SetCurrentMode  stm32f1xx_ll_usb.o
    0x080061c8   0x080061c8   0x0000000e   Code   RO         1550    i.USB_SetDevAddress  stm32f1xx_ll_usb.o
    0x080061d6   0x080061d6   0x00000042   Code   RO         1553    i.USB_WritePMA      stm32f1xx_ll_usb.o
    0x08006218   0x08006218   0x00000028   Code   RO          347    i.USER_initialize   user_diskio.o
    0x08006240   0x08006240   0x00000042   Code   RO          348    i.USER_ioctl        user_diskio.o
    0x08006282   0x08006282   0x0000004e   Code   RO          349    i.USER_read         user_diskio.o
    0x080062d0   0x080062d0   0x00000014   Code   RO          350    i.USER_status       user_diskio.o
    0x080062e4   0x080062e4   0x0000004e   Code   RO          351    i.USER_write        user_diskio.o
    0x08006332   0x08006332   0x00000004   Code   RO         1125    i.UsageFault_Handler  stm32f1xx_it.o
    0x08006336   0x08006336   0x00000002   PAD
    0x08006338   0x08006338   0x00000060   Code   RO         5679    i.W25QXX_Erase_Sector  w25qxx.o
    0x08006398   0x08006398   0x00000048   Code   RO         5680    i.W25QXX_Init       w25qxx.o
    0x080063e0   0x080063e0   0x0000006c   Code   RO         5682    i.W25QXX_Read       w25qxx.o
    0x0800644c   0x0800644c   0x0000004c   Code   RO         5683    i.W25QXX_ReadID     w25qxx.o
    0x08006498   0x08006498   0x00000054   Code   RO         5684    i.W25QXX_ReadSR     w25qxx.o
    0x080064ec   0x080064ec   0x00000014   Code   RO         5686    i.W25QXX_Wait_Busy  w25qxx.o
    0x08006500   0x08006500   0x000000b8   Code   RO         5687    i.W25QXX_Write      w25qxx.o
    0x080065b8   0x080065b8   0x00000024   Code   RO         5689    i.W25QXX_Write_Enable  w25qxx.o
    0x080065dc   0x080065dc   0x00000046   Code   RO         5690    i.W25QXX_Write_NoCheck  w25qxx.o
    0x08006622   0x08006622   0x00000002   PAD
    0x08006624   0x08006624   0x00000074   Code   RO         5691    i.W25QXX_Write_Page  w25qxx.o
    0x08006698   0x08006698   0x0000020c   Code   RO         5793    i.WriteFileTest     fatfs_test.o
    0x080068a4   0x080068a4   0x00000020   Code   RO         5899    i.__0printf$2       mc_w.l(printf2.o)
    0x080068c4   0x080068c4   0x00000028   Code   RO         5901    i.__0sprintf$2      mc_w.l(printf2.o)
    0x080068ec   0x080068ec   0x00000010   Code   RO         2216    i.__NVIC_GetPriorityGrouping  stm32f1xx_hal_cortex.o
    0x080068fc   0x080068fc   0x00000028   Code   RO         2217    i.__NVIC_SetPriority  stm32f1xx_hal_cortex.o
    0x08006924   0x08006924   0x0000000e   Code   RO         6133    i.__scatterload_copy  mc_w.l(handlers.o)
    0x08006932   0x08006932   0x00000002   Code   RO         6134    i.__scatterload_null  mc_w.l(handlers.o)
    0x08006934   0x08006934   0x0000000e   Code   RO         6135    i.__scatterload_zeroinit  mc_w.l(handlers.o)
    0x08006942   0x08006942   0x000000d6   Code   RO         5906    i._printf_core      mc_w.l(printf2.o)
    0x08006a18   0x08006a18   0x0000000a   Code   RO         5908    i._sputc            mc_w.l(printf2.o)
    0x08006a22   0x08006a22   0x00000002   PAD
    0x08006a24   0x08006a24   0x00000098   Code   RO         4690    i.check_fs          ff.o
    0x08006abc   0x08006abc   0x00000014   Code   RO         4691    i.chk_chr           ff.o
    0x08006ad0   0x08006ad0   0x00000038   Code   RO         4692    i.clmt_clust        ff.o
    0x08006b08   0x08006b08   0x00000020   Code   RO         4693    i.clust2sect        ff.o
    0x08006b28   0x08006b28   0x000000ea   Code   RO         4694    i.create_chain      ff.o
    0x08006c12   0x08006c12   0x00000002   PAD
    0x08006c14   0x08006c14   0x00000118   Code   RO         4695    i.create_name       ff.o
    0x08006d2c   0x08006d2c   0x00000064   Code   RO         4696    i.dir_alloc         ff.o
    0x08006d90   0x08006d90   0x00000064   Code   RO         4697    i.dir_find          ff.o
    0x08006df4   0x08006df4   0x0000015a   Code   RO         4698    i.dir_next          ff.o
    0x08006f4e   0x08006f4e   0x0000007a   Code   RO         4699    i.dir_read          ff.o
    0x08006fc8   0x08006fc8   0x00000046   Code   RO         4700    i.dir_register      ff.o
    0x0800700e   0x0800700e   0x000000c8   Code   RO         4702    i.dir_sdi           ff.o
    0x080070d6   0x080070d6   0x00000002   PAD
    0x080070d8   0x080070d8   0x0000002c   Code   RO         4635    i.disk_initialize   diskio.o
    0x08007104   0x08007104   0x00000028   Code   RO         4636    i.disk_ioctl        diskio.o
    0x0800712c   0x0800712c   0x00000030   Code   RO         4637    i.disk_read         diskio.o
    0x0800715c   0x0800715c   0x0000001c   Code   RO         4638    i.disk_status       diskio.o
    0x08007178   0x08007178   0x00000030   Code   RO         4639    i.disk_write        diskio.o
    0x080071a8   0x080071a8   0x00000022   Code   RO         4704    i.f_close           ff.o
    0x080071ca   0x080071ca   0x00000002   PAD
    0x080071cc   0x080071cc   0x00000644   Code   RO         4711    i.f_mkfs            ff.o
    0x08007810   0x08007810   0x00000060   Code   RO         4712    i.f_mount           ff.o
    0x08007870   0x08007870   0x0000017e   Code   RO         4713    i.f_open            ff.o
    0x080079ee   0x080079ee   0x00000204   Code   RO         4718    i.f_read            ff.o
    0x08007bf2   0x08007bf2   0x00000002   PAD
    0x08007bf4   0x08007bf4   0x000001a4   Code   RO         4721    i.f_setlabel        ff.o
    0x08007d98   0x08007d98   0x000000ca   Code   RO         4723    i.f_sync            ff.o
    0x08007e62   0x08007e62   0x00000256   Code   RO         4727    i.f_write           ff.o
    0x080080b8   0x080080b8   0x000003d4   Code   RO         4728    i.find_volume       ff.o
    0x0800848c   0x0800848c   0x0000009c   Code   RO         4729    i.follow_path       ff.o
    0x08008528   0x08008528   0x0000001c   Code   RO          642    i.fputc             usart.o
    0x08008544   0x08008544   0x000000ee   Code   RO         4730    i.get_fat           ff.o
    0x08008632   0x08008632   0x00000004   Code   RO          431    i.get_fattime       fatfs.o
    0x08008636   0x08008636   0x0000004a   Code   RO         4732    i.get_ldnumber      ff.o
    0x08008680   0x08008680   0x00000022   Code   RO         4733    i.ld_clust          ff.o
    0x080086a2   0x080086a2   0x00000002   PAD
    0x080086a4   0x080086a4   0x000001c0   Code   RO           15    i.main              main.o
    0x08008864   0x08008864   0x00000026   Code   RO         4734    i.mem_cmp           ff.o
    0x0800888a   0x0800888a   0x0000001a   Code   RO         4735    i.mem_cpy           ff.o
    0x080088a4   0x080088a4   0x00000014   Code   RO         4736    i.mem_set           ff.o
    0x080088b8   0x080088b8   0x00000038   Code   RO         4737    i.move_window       ff.o
    0x080088f0   0x080088f0   0x00000146   Code   RO         4738    i.put_fat           ff.o
    0x08008a36   0x08008a36   0x0000007a   Code   RO         4740    i.remove_chain      ff.o
    0x08008ab0   0x08008ab0   0x00000010   Code   RO         4741    i.st_clust          ff.o
    0x08008ac0   0x08008ac0   0x000000f4   Code   RO         4742    i.sync_fs           ff.o
    0x08008bb4   0x08008bb4   0x00000060   Code   RO         4743    i.sync_window       ff.o
    0x08008c14   0x08008c14   0x00000042   Code   RO         4744    i.validate          ff.o
    0x08008c56   0x08008c56   0x00000024   Data   RO         1060    .constdata          usbd_storage_if.o
    0x08008c7a   0x08008c7a   0x00000018   Data   RO         4600    .constdata          system_stm32f1xx.o
    0x08008c92   0x08008c92   0x0000002c   Data   RO         4745    .constdata          ff.o
    0x08008cbe   0x08008cbe   0x00000017   Data   RO         5550    .constdata          usbd_msc_data.o
    0x08008cd5   0x08008cd5   0x00000003   PAD
    0x08008cd8   0x08008cd8   0x000002c0   Data   RO         5794    .conststring        fatfs_test.o
    0x08008f98   0x08008f98   0x00000020   Data   RO         6131    Region$$Table       anon$$obj.o


    Execution Region RW_IRAM1 (Exec base: 0x20000000, Load base: 0x08008fb8, Size: 0x00002c88, Max: 0x0000c000, ABSOLUTE, COMPRESSED[0x000000fc])

    Exec Addr    Load Addr    Size         Type   Attr      Idx    E Section Name        Object

    0x20000000   COMPRESSED   0x00000018   Data   RW          352    .data               user_diskio.o
    0x20000018   COMPRESSED   0x00000010   Data   RW          433    .data               fatfs.o
    0x20000028   COMPRESSED   0x0000004e   Data   RW          973    .data               usbd_desc.o
    0x20000076   COMPRESSED   0x00000002   PAD
    0x20000078   COMPRESSED   0x00000020   Data   RW         1061    .data               usbd_storage_if.o
    0x20000098   COMPRESSED   0x00000009   Data   RW         1748    .data               stm32f1xx_hal.o
    0x200000a1   COMPRESSED   0x00000003   PAD
    0x200000a4   COMPRESSED   0x00000004   Data   RW         4601    .data               system_stm32f1xx.o
    0x200000a8   COMPRESSED   0x0000000a   Data   RW         4746    .data               ff.o
    0x200000b2   COMPRESSED   0x00000001   Data   RW         5250    .data               usbd_ctlreq.o
    0x200000b3   COMPRESSED   0x00000001   PAD
    0x200000b4   COMPRESSED   0x000000a2   Data   RW         5401    .data               usbd_msc.o
    0x20000156   COMPRESSED   0x00000002   Data   RW         5694    .data               w25qxx.o
    0x20000158   COMPRESSED   0x00000050   Data   RW         5795    .data               fatfs_test.o
    0x200001a8   COMPRESSED   0x00000004   Data   RW         6107    .data               mc_w.l(stdout.o)
    0x200001ac        -       0x00000014   Zero   RW          474    .bss                rtc.o
    0x200001c0        -       0x00000058   Zero   RW          518    .bss                spi.o
    0x20000218        -       0x00000080   Zero   RW          595    .bss                tim.o
    0x20000298        -       0x00000040   Zero   RW          643    .bss                usart.o
    0x200002d8        -       0x000002c4   Zero   RW          688    .bss                usb_device.o
    0x2000059c        -       0x000004dc   Zero   RW          783    .bss                usbd_conf.o
    0x20000a78        -       0x00000200   Zero   RW          972    .bss                usbd_desc.o
    0x20000c78        -       0x00000010   Zero   RW         5022    .bss                ff_gen_drv.o
    0x20000c88        -       0x00001000   Zero   RW         5693    .bss                w25qxx.o
    0x20001c88        -       0x00001000   Zero   RW            1    STACK               startup_stm32f103xe.o


==============================================================================

Image component sizes


      Code (inc. data)   RO Data    RW Data    ZI Data      Debug   Object Name

       208         24          0          0          0       3761   diskio.o
        32         12          0         16          0       1495   fatfs.o
       524        256        704         80          0       1529   fatfs_test.o
      8056        130         44         10          0      32560   ff.o
       102          6          0          0         16       1635   ff_gen_drv.o
       200         18          0          0          0     502315   gpio.o
       588        230          0          0          0      50956   main.o
       184         22          0          0         20       1559   rtc.o
       236         26          0          0         88       2130   spi.o
        36          8        304          0       4096        808   startup_stm32f103xe.o
       192         36          0          9          0       6517   stm32f1xx_hal.o
       304         22          0          0          0      29455   stm32f1xx_hal_cortex.o
       424         10          0          0          0       1235   stm32f1xx_hal_dma.o
       858         40          0          0          0       3289   stm32f1xx_hal_gpio.o
        84          8          0          0          0        870   stm32f1xx_hal_msp.o
      2426          0          0          0          0      11180   stm32f1xx_hal_pcd.o
        60          0          0          0          0       1182   stm32f1xx_hal_pcd_ex.o
        12          4          0          0          0        519   stm32f1xx_hal_pwr.o
      1784        110          0          0          0       6032   stm32f1xx_hal_rcc.o
       612         46          0          0          0       2429   stm32f1xx_hal_rcc_ex.o
      1178         18          0          0          0       9084   stm32f1xx_hal_rtc.o
       898          0          0          0          0       4313   stm32f1xx_hal_spi.o
      1006         22          0          0          0       9051   stm32f1xx_hal_tim.o
        88          0          0          0          0       2365   stm32f1xx_hal_tim_ex.o
      1544         10          0          0          0       9299   stm32f1xx_hal_uart.o
        80         18          0          0          0       5245   stm32f1xx_it.o
      3504          0          0          0          0      18031   stm32f1xx_ll_usb.o
        88         18         24          4          0       1171   system_stm32f1xx.o
       320         20          0          0        128       2267   tim.o
       236         30          0          0         64       2194   usart.o
        76         16          0          0        708      10545   usb_device.o
       848         30          0          0       1244      14835   usbd_conf.o
       964         72          0          0          0      10031   usbd_core.o
      2106         28          0          1          0      10724   usbd_ctlreq.o
       386        122          0         78        512       6369   usbd_desc.o
       134          0          0          0          0       3832   usbd_ioreq.o
       740         24          0        162          0       9340   usbd_msc.o
       728         10          0          0          0       7341   usbd_msc_bot.o
         0          0         23          0          0        897   usbd_msc_data.o
      1994         14          0          0          0      13395   usbd_msc_scsi.o
        54          0         36         32          0       4387   usbd_storage_if.o
       282         12          0         24          0       9236   user_diskio.o
       862         58          0          2       4096       6749   w25qxx.o

    ----------------------------------------------------------------------
     35080       1530       1170        424      10972     832157   Object Totals
         0          0         32          0          0          0   (incl. Generated)
        42          0          3          6          0          0   (incl. Padding)

    ----------------------------------------------------------------------

      Code (inc. data)   RO Data    RW Data    ZI Data      Debug   Library Member Name

        86          0          0          0          0          0   __dczerorl2.o
         0          0          0          0          0          0   entry.o
         0          0          0          0          0          0   entry10a.o
         0          0          0          0          0          0   entry11a.o
         8          4          0          0          0          0   entry2.o
         4          0          0          0          0          0   entry5.o
         0          0          0          0          0          0   entry7b.o
         0          0          0          0          0          0   entry8b.o
         8          4          0          0          0          0   entry9a.o
        30          0          0          0          0          0   handlers.o
        36          8          0          0          0         68   init.o
        36          0          0          0          0         68   memcpya.o
        36          0          0          0          0        108   memseta.o
       296         16          0          0          0        328   printf2.o
         0          0          0          4          0          0   stdout.o

    ----------------------------------------------------------------------
       542         32          0          4          0        572   Library Totals
         2          0          0          0          0          0   (incl. Padding)

    ----------------------------------------------------------------------

      Code (inc. data)   RO Data    RW Data    ZI Data      Debug   Library Name

       540         32          0          4          0        572   mc_w.l

    ----------------------------------------------------------------------
       542         32          0          4          0        572   Library Totals

    ----------------------------------------------------------------------

==============================================================================


      Code (inc. data)   RO Data    RW Data    ZI Data      Debug   

     35622       1562       1170        428      10972     817309   Grand Totals
     35622       1562       1170        252      10972     817309   ELF Image Totals (compressed)
     35622       1562       1170        252          0          0   ROM Totals

==============================================================================

    Total RO  Size (Code + RO Data)                36792 (  35.93kB)
    Total RW  Size (RW Data + ZI Data)             11400 (  11.13kB)
    Total ROM Size (Code + RO Data + RW Data)      37044 (  36.18kB)

==============================================================================

